device: mps: Apple Silicon GPU (unified memory)   objective: crps
head: 1,592,368 trainable parameters, backbone frozen=True
  epoch   1 step     0/1643 crps 0.6345 lr 3.65e-07
  epoch   1 step    50/1643 crps 0.6138 lr 1.86e-05
  epoch   1 step   100/1643 crps 0.5759 lr 3.69e-05
  epoch   1 step   150/1643 crps 0.5464 lr 5.52e-05
  epoch   1 step   200/1643 crps 0.5194 lr 7.34e-05
  epoch   1 step   250/1643 crps 0.4935 lr 9.17e-05
  epoch   1 step   300/1643 crps 0.4720 lr 1.10e-04
  epoch   1 step   350/1643 crps 0.4542 lr 1.28e-04
  epoch   1 step   400/1643 crps 0.4395 lr 1.47e-04
  epoch   1 step   450/1643 crps 0.4270 lr 1.65e-04
  epoch   1 step   500/1643 crps 0.4162 lr 1.83e-04
  epoch   1 step   550/1643 crps 0.4068 lr 2.01e-04
  epoch   1 step   600/1643 crps 0.3985 lr 2.20e-04
  epoch   1 step   650/1643 crps 0.3911 lr 2.38e-04
  epoch   1 step   700/1643 crps 0.3844 lr 2.56e-04
  epoch   1 step   750/1643 crps 0.3784 lr 2.74e-04
  epoch   1 step   800/1643 crps 0.3728 lr 2.93e-04
  epoch   1 step   850/1643 crps 0.3678 lr 3.00e-04
  epoch   1 step   900/1643 crps 0.3631 lr 3.00e-04
  epoch   1 step   950/1643 crps 0.3588 lr 3.00e-04
  epoch   1 step  1000/1643 crps 0.3548 lr 3.00e-04
  epoch   1 step  1050/1643 crps 0.3510 lr 3.00e-04
  epoch   1 step  1100/1643 crps 0.3474 lr 3.00e-04
  epoch   1 step  1150/1643 crps 0.3441 lr 2.99e-04
  epoch   1 step  1200/1643 crps 0.3410 lr 2.99e-04
  epoch   1 step  1250/1643 crps 0.3381 lr 2.99e-04
  epoch   1 step  1300/1643 crps 0.3353 lr 2.99e-04
  epoch   1 step  1350/1643 crps 0.3327 lr 2.99e-04
  epoch   1 step  1400/1643 crps 0.3303 lr 2.98e-04
  epoch   1 step  1450/1643 crps 0.3279 lr 2.98e-04
  epoch   1 step  1500/1643 crps 0.3257 lr 2.98e-04
  epoch   1 step  1550/1643 crps 0.3236 lr 2.97e-04
  epoch   1 step  1600/1643 crps 0.3215 lr 2.97e-04
epoch   1  train 0.3199  val 0.2670  MAE 0.3911 mm  8.2 min
  new best: 0.2670
  epoch   2 step     0/1643 crps 0.2558 lr 2.97e-04
  epoch   2 step    50/1643 crps 0.2563 lr 2.96e-04
  epoch   2 step   100/1643 crps 0.2559 lr 2.96e-04
  epoch   2 step   150/1643 crps 0.2556 lr 2.95e-04
  epoch   2 step   200/1643 crps 0.2550 lr 2.95e-04
  epoch   2 step   250/1643 crps 0.2547 lr 2.94e-04
  epoch   2 step   300/1643 crps 0.2542 lr 2.94e-04
  epoch   2 step   350/1643 crps 0.2537 lr 2.93e-04
  epoch   2 step   400/1643 crps 0.2533 lr 2.93e-04
  epoch   2 step   450/1643 crps 0.2528 lr 2.92e-04
  epoch   2 step   500/1643 crps 0.2524 lr 2.92e-04
  epoch   2 step   550/1643 crps 0.2520 lr 2.91e-04
  epoch   2 step   600/1643 crps 0.2516 lr 2.90e-04
  epoch   2 step   650/1643 crps 0.2512 lr 2.90e-04
  epoch   2 step   700/1643 crps 0.2509 lr 2.89e-04
  epoch   2 step   750/1643 crps 0.2505 lr 2.88e-04
  epoch   2 step   800/1643 crps 0.2502 lr 2.87e-04
  epoch   2 step   850/1643 crps 0.2499 lr 2.87e-04
  epoch   2 step   900/1643 crps 0.2496 lr 2.86e-04
  epoch   2 step   950/1643 crps 0.2493 lr 2.85e-04
  epoch   2 step  1000/1643 crps 0.2489 lr 2.84e-04
  epoch   2 step  1050/1643 crps 0.2486 lr 2.83e-04
  epoch   2 step  1100/1643 crps 0.2483 lr 2.83e-04
  epoch   2 step  1150/1643 crps 0.2480 lr 2.82e-04
  epoch   2 step  1200/1643 crps 0.2477 lr 2.81e-04
  epoch   2 step  1250/1643 crps 0.2474 lr 2.80e-04
  epoch   2 step  1300/1643 crps 0.2471 lr 2.79e-04
  epoch   2 step  1350/1643 crps 0.2468 lr 2.78e-04
  epoch   2 step  1400/1643 crps 0.2465 lr 2.77e-04
  epoch   2 step  1450/1643 crps 0.2462 lr 2.76e-04
  epoch   2 step  1500/1643 crps 0.2460 lr 2.75e-04
  epoch   2 step  1550/1643 crps 0.2457 lr 2.74e-04
  epoch   2 step  1600/1643 crps 0.2454 lr 2.73e-04
epoch   2  train 0.2452  val 0.2458  MAE 0.3570 mm  8.2 min
  new best: 0.2458
  epoch   3 step     0/1643 crps 0.2344 lr 2.72e-04
  epoch   3 step    50/1643 crps 0.2365 lr 2.71e-04
  epoch   3 step   100/1643 crps 0.2359 lr 2.69e-04
  epoch   3 step   150/1643 crps 0.2359 lr 2.68e-04
  epoch   3 step   200/1643 crps 0.2356 lr 2.67e-04
  epoch   3 step   250/1643 crps 0.2355 lr 2.66e-04
  epoch   3 step   300/1643 crps 0.2353 lr 2.65e-04
  epoch   3 step   350/1643 crps 0.2350 lr 2.63e-04
  epoch   3 step   400/1643 crps 0.2348 lr 2.62e-04
  epoch   3 step   450/1643 crps 0.2345 lr 2.61e-04
  epoch   3 step   500/1643 crps 0.2344 lr 2.60e-04
  epoch   3 step   550/1643 crps 0.2342 lr 2.58e-04
  epoch   3 step   600/1643 crps 0.2340 lr 2.57e-04
  epoch   3 step   650/1643 crps 0.2339 lr 2.56e-04
  epoch   3 step   700/1643 crps 0.2337 lr 2.54e-04
  epoch   3 step   750/1643 crps 0.2335 lr 2.53e-04
  epoch   3 step   800/1643 crps 0.2334 lr 2.51e-04
  epoch   3 step   850/1643 crps 0.2332 lr 2.50e-04
  epoch   3 step   900/1643 crps 0.2331 lr 2.49e-04
  epoch   3 step   950/1643 crps 0.2329 lr 2.47e-04
  epoch   3 step  1000/1643 crps 0.2328 lr 2.46e-04
  epoch   3 step  1050/1643 crps 0.2326 lr 2.44e-04
  epoch   3 step  1100/1643 crps 0.2325 lr 2.43e-04
  epoch   3 step  1150/1643 crps 0.2323 lr 2.41e-04
  epoch   3 step  1200/1643 crps 0.2322 lr 2.40e-04
  epoch   3 step  1250/1643 crps 0.2320 lr 2.38e-04
  epoch   3 step  1300/1643 crps 0.2319 lr 2.37e-04
  epoch   3 step  1350/1643 crps 0.2317 lr 2.35e-04
  epoch   3 step  1400/1643 crps 0.2316 lr 2.34e-04
  epoch   3 step  1450/1643 crps 0.2314 lr 2.32e-04
  epoch   3 step  1500/1643 crps 0.2313 lr 2.30e-04
  epoch   3 step  1550/1643 crps 0.2311 lr 2.29e-04
  epoch   3 step  1600/1643 crps 0.2310 lr 2.27e-04
epoch   3  train 0.2309  val 0.2368  MAE 0.3429 mm  8.2 min
  new best: 0.2368
  epoch   4 step     0/1643 crps 0.2256 lr 2.26e-04
  epoch   4 step    50/1643 crps 0.2264 lr 2.24e-04
  epoch   4 step   100/1643 crps 0.2259 lr 2.22e-04
  epoch   4 step   150/1643 crps 0.2259 lr 2.21e-04
  epoch   4 step   200/1643 crps 0.2257 lr 2.19e-04
  epoch   4 step   250/1643 crps 0.2256 lr 2.17e-04
  epoch   4 step   300/1643 crps 0.2255 lr 2.16e-04
  epoch   4 step   350/1643 crps 0.2253 lr 2.14e-04
  epoch   4 step   400/1643 crps 0.2252 lr 2.12e-04
  epoch   4 step   450/1643 crps 0.2250 lr 2.11e-04
  epoch   4 step   500/1643 crps 0.2249 lr 2.09e-04
  epoch   4 step   550/1643 crps 0.2248 lr 2.07e-04
  epoch   4 step   600/1643 crps 0.2247 lr 2.05e-04
  epoch   4 step   650/1643 crps 0.2246 lr 2.04e-04
  epoch   4 step   700/1643 crps 0.2245 lr 2.02e-04
  epoch   4 step   750/1643 crps 0.2244 lr 2.00e-04
  epoch   4 step   800/1643 crps 0.2243 lr 1.98e-04
  epoch   4 step   850/1643 crps 0.2242 lr 1.96e-04
  epoch   4 step   900/1643 crps 0.2241 lr 1.95e-04
  epoch   4 step   950/1643 crps 0.2240 lr 1.93e-04
  epoch   4 step  1000/1643 crps 0.2239 lr 1.91e-04
  epoch   4 step  1050/1643 crps 0.2238 lr 1.89e-04
  epoch   4 step  1100/1643 crps 0.2237 lr 1.87e-04
  epoch   4 step  1150/1643 crps 0.2236 lr 1.85e-04
  epoch   4 step  1200/1643 crps 0.2235 lr 1.84e-04
  epoch   4 step  1250/1643 crps 0.2234 lr 1.82e-04
  epoch   4 step  1300/1643 crps 0.2233 lr 1.80e-04
  epoch   4 step  1350/1643 crps 0.2232 lr 1.78e-04
  epoch   4 step  1400/1643 crps 0.2231 lr 1.76e-04
  epoch   4 step  1450/1643 crps 0.2230 lr 1.74e-04
  epoch   4 step  1500/1643 crps 0.2229 lr 1.72e-04
  epoch   4 step  1550/1643 crps 0.2228 lr 1.71e-04
  epoch   4 step  1600/1643 crps 0.2227 lr 1.69e-04
epoch   4  train 0.2226  val 0.2309  MAE 0.3321 mm  8.2 min
  new best: 0.2309
  epoch   5 step     0/1643 crps 0.2190 lr 1.67e-04
  epoch   5 step    50/1643 crps 0.2198 lr 1.65e-04
  epoch   5 step   100/1643 crps 0.2194 lr 1.63e-04
  epoch   5 step   150/1643 crps 0.2194 lr 1.61e-04
  epoch   5 step   200/1643 crps 0.2192 lr 1.59e-04
  epoch   5 step   250/1643 crps 0.2192 lr 1.58e-04
  epoch   5 step   300/1643 crps 0.2191 lr 1.56e-04
  epoch   5 step   350/1643 crps 0.2189 lr 1.54e-04
  epoch   5 step   400/1643 crps 0.2189 lr 1.52e-04
  epoch   5 step   450/1643 crps 0.2187 lr 1.50e-04
  epoch   5 step   500/1643 crps 0.2187 lr 1.48e-04
  epoch   5 step   550/1643 crps 0.2186 lr 1.46e-04
  epoch   5 step   600/1643 crps 0.2185 lr 1.44e-04
  epoch   5 step   650/1643 crps 0.2184 lr 1.42e-04
  epoch   5 step   700/1643 crps 0.2183 lr 1.41e-04
  epoch   5 step   750/1643 crps 0.2183 lr 1.39e-04
  epoch   5 step   800/1643 crps 0.2182 lr 1.37e-04
  epoch   5 step   850/1643 crps 0.2182 lr 1.35e-04
  epoch   5 step   900/1643 crps 0.2181 lr 1.33e-04
  epoch   5 step   950/1643 crps 0.2180 lr 1.31e-04
  epoch   5 step  1000/1643 crps 0.2180 lr 1.29e-04
  epoch   5 step  1050/1643 crps 0.2179 lr 1.27e-04
  epoch   5 step  1100/1643 crps 0.2178 lr 1.26e-04
  epoch   5 step  1150/1643 crps 0.2178 lr 1.24e-04
  epoch   5 step  1200/1643 crps 0.2177 lr 1.22e-04
  epoch   5 step  1250/1643 crps 0.2176 lr 1.20e-04
  epoch   5 step  1300/1643 crps 0.2176 lr 1.18e-04
  epoch   5 step  1350/1643 crps 0.2175 lr 1.16e-04
  epoch   5 step  1400/1643 crps 0.2174 lr 1.14e-04
  epoch   5 step  1450/1643 crps 0.2173 lr 1.13e-04
  epoch   5 step  1500/1643 crps 0.2173 lr 1.11e-04
  epoch   5 step  1550/1643 crps 0.2172 lr 1.09e-04
  epoch   5 step  1600/1643 crps 0.2171 lr 1.07e-04
epoch   5  train 0.2171  val 0.2268  MAE 0.3269 mm  8.2 min
  new best: 0.2268
  epoch   6 step     0/1643 crps 0.2145 lr 1.06e-04
  epoch   6 step    50/1643 crps 0.2152 lr 1.04e-04
  epoch   6 step   100/1643 crps 0.2148 lr 1.02e-04
  epoch   6 step   150/1643 crps 0.2148 lr 1.00e-04
  epoch   6 step   200/1643 crps 0.2147 lr 9.85e-05
  epoch   6 step   250/1643 crps 0.2147 lr 9.67e-05
  epoch   6 step   300/1643 crps 0.2146 lr 9.49e-05
  epoch   6 step   350/1643 crps 0.2145 lr 9.32e-05
  epoch   6 step   400/1643 crps 0.2144 lr 9.15e-05
  epoch   6 step   450/1643 crps 0.2143 lr 8.97e-05
  epoch   6 step   500/1643 crps 0.2143 lr 8.80e-05
  epoch   6 step   550/1643 crps 0.2142 lr 8.63e-05
  epoch   6 step   600/1643 crps 0.2141 lr 8.46e-05
  epoch   6 step   650/1643 crps 0.2141 lr 8.29e-05
  epoch   6 step   700/1643 crps 0.2140 lr 8.13e-05
  epoch   6 step   750/1643 crps 0.2140 lr 7.96e-05
  epoch   6 step   800/1643 crps 0.2140 lr 7.80e-05
  epoch   6 step   850/1643 crps 0.2139 lr 7.63e-05
  epoch   6 step   900/1643 crps 0.2139 lr 7.47e-05
  epoch   6 step   950/1643 crps 0.2138 lr 7.31e-05
  epoch   6 step  1000/1643 crps 0.2138 lr 7.15e-05
  epoch   6 step  1050/1643 crps 0.2137 lr 6.99e-05
  epoch   6 step  1100/1643 crps 0.2137 lr 6.83e-05
  epoch   6 step  1150/1643 crps 0.2137 lr 6.67e-05
  epoch   6 step  1200/1643 crps 0.2136 lr 6.52e-05
  epoch   6 step  1250/1643 crps 0.2136 lr 6.37e-05
  epoch   6 step  1300/1643 crps 0.2135 lr 6.21e-05
  epoch   6 step  1350/1643 crps 0.2135 lr 6.06e-05
  epoch   6 step  1400/1643 crps 0.2134 lr 5.92e-05
  epoch   6 step  1450/1643 crps 0.2133 lr 5.77e-05
  epoch   6 step  1500/1643 crps 0.2133 lr 5.62e-05
  epoch   6 step  1550/1643 crps 0.2132 lr 5.48e-05
  epoch   6 step  1600/1643 crps 0.2132 lr 5.33e-05
epoch   6  train 0.2131  val 0.2240  MAE 0.3246 mm  8.2 min
  new best: 0.2240
  epoch   7 step     0/1643 crps 0.2114 lr 5.21e-05
  epoch   7 step    50/1643 crps 0.2118 lr 5.07e-05
  epoch   7 step   100/1643 crps 0.2116 lr 4.93e-05
  epoch   7 step   150/1643 crps 0.2116 lr 4.80e-05
  epoch   7 step   200/1643 crps 0.2115 lr 4.66e-05
  epoch   7 step   250/1643 crps 0.2115 lr 4.53e-05
  epoch   7 step   300/1643 crps 0.2114 lr 4.40e-05
  epoch   7 step   350/1643 crps 0.2113 lr 4.27e-05
  epoch   7 step   400/1643 crps 0.2113 lr 4.14e-05
  epoch   7 step   450/1643 crps 0.2112 lr 4.02e-05
  epoch   7 step   500/1643 crps 0.2112 lr 3.89e-05
  epoch   7 step   550/1643 crps 0.2111 lr 3.77e-05
  epoch   7 step   600/1643 crps 0.2111 lr 3.65e-05
  epoch   7 step   650/1643 crps 0.2111 lr 3.53e-05
  epoch   7 step   700/1643 crps 0.2110 lr 3.41e-05
  epoch   7 step   750/1643 crps 0.2110 lr 3.30e-05
  epoch   7 step   800/1643 crps 0.2110 lr 3.18e-05
  epoch   7 step   850/1643 crps 0.2110 lr 3.07e-05
  epoch   7 step   900/1643 crps 0.2110 lr 2.96e-05
  epoch   7 step   950/1643 crps 0.2109 lr 2.86e-05
  epoch   7 step  1000/1643 crps 0.2109 lr 2.75e-05
  epoch   7 step  1050/1643 crps 0.2109 lr 2.65e-05
  epoch   7 step  1100/1643 crps 0.2109 lr 2.55e-05
  epoch   7 step  1150/1643 crps 0.2108 lr 2.45e-05
  epoch   7 step  1200/1643 crps 0.2108 lr 2.35e-05
  epoch   7 step  1250/1643 crps 0.2108 lr 2.26e-05
  epoch   7 step  1300/1643 crps 0.2108 lr 2.16e-05
  epoch   7 step  1350/1643 crps 0.2107 lr 2.07e-05
  epoch   7 step  1400/1643 crps 0.2107 lr 1.98e-05
  epoch   7 step  1450/1643 crps 0.2106 lr 1.90e-05
  epoch   7 step  1500/1643 crps 0.2106 lr 1.81e-05
  epoch   7 step  1550/1643 crps 0.2106 lr 1.73e-05
  epoch   7 step  1600/1643 crps 0.2105 lr 1.65e-05
epoch   7  train 0.2105  val 0.2225  MAE 0.3216 mm  8.3 min
  new best: 0.2225
  epoch   8 step     0/1643 crps 0.2092 lr 1.58e-05
  epoch   8 step    50/1643 crps 0.2098 lr 1.51e-05
  epoch   8 step   100/1643 crps 0.2096 lr 1.43e-05
  epoch   8 step   150/1643 crps 0.2097 lr 1.36e-05
  epoch   8 step   200/1643 crps 0.2096 lr 1.29e-05
  epoch   8 step   250/1643 crps 0.2096 lr 1.23e-05
  epoch   8 step   300/1643 crps 0.2096 lr 1.16e-05
  epoch   8 step   350/1643 crps 0.2095 lr 1.10e-05
  epoch   8 step   400/1643 crps 0.2095 lr 1.04e-05
  epoch   8 step   450/1643 crps 0.2094 lr 9.82e-06
  epoch   8 step   500/1643 crps 0.2094 lr 9.26e-06
  epoch   8 step   550/1643 crps 0.2094 lr 8.73e-06
  epoch   8 step   600/1643 crps 0.2094 lr 8.22e-06
  epoch   8 step   650/1643 crps 0.2094 lr 7.73e-06
  epoch   8 step   700/1643 crps 0.2093 lr 7.27e-06
  epoch   8 step   750/1643 crps 0.2093 lr 6.83e-06
  epoch   8 step   800/1643 crps 0.2094 lr 6.42e-06
  epoch   8 step   850/1643 crps 0.2093 lr 6.02e-06
  epoch   8 step   900/1643 crps 0.2093 lr 5.66e-06
  epoch   8 step   950/1643 crps 0.2093 lr 5.31e-06
  epoch   8 step  1000/1643 crps 0.2093 lr 4.99e-06
  epoch   8 step  1050/1643 crps 0.2093 lr 4.69e-06
  epoch   8 step  1100/1643 crps 0.2093 lr 4.42e-06
  epoch   8 step  1150/1643 crps 0.2093 lr 4.17e-06
  epoch   8 step  1200/1643 crps 0.2093 lr 3.95e-06
  epoch   8 step  1250/1643 crps 0.2093 lr 3.74e-06
  epoch   8 step  1300/1643 crps 0.2093 lr 3.57e-06
  epoch   8 step  1350/1643 crps 0.2093 lr 3.41e-06
  epoch   8 step  1400/1643 crps 0.2092 lr 3.28e-06
  epoch   8 step  1450/1643 crps 0.2092 lr 3.18e-06
  epoch   8 step  1500/1643 crps 0.2092 lr 3.10e-06
  epoch   8 step  1550/1643 crps 0.2092 lr 3.04e-06
  epoch   8 step  1600/1643 crps 0.2092 lr 3.01e-06
epoch   8  train 0.2092  val 0.2219  MAE 0.3210 mm  8.3 min
  new best: 0.2219
done. runs/finetune_crps
