device: mps: Apple Silicon GPU (unified memory)   objective: mse
head: 1,584,144 trainable parameters, backbone frozen=True
  epoch   1 step     0/1643 mse 1.9173 lr 3.65e-07
  epoch   1 step    50/1643 mse 1.8560 lr 1.86e-05
  epoch   1 step   100/1643 mse 1.8123 lr 3.69e-05
  epoch   1 step   150/1643 mse 1.7363 lr 5.52e-05
  epoch   1 step   200/1643 mse 1.6446 lr 7.34e-05
  epoch   1 step   250/1643 mse 1.5527 lr 9.17e-05
  epoch   1 step   300/1643 mse 1.4692 lr 1.10e-04
  epoch   1 step   350/1643 mse 1.4003 lr 1.28e-04
  epoch   1 step   400/1643 mse 1.3398 lr 1.47e-04
  epoch   1 step   450/1643 mse 1.2885 lr 1.65e-04
  epoch   1 step   500/1643 mse 1.2442 lr 1.83e-04
  epoch   1 step   550/1643 mse 1.2047 lr 2.01e-04
  epoch   1 step   600/1643 mse 1.1694 lr 2.20e-04
  epoch   1 step   650/1643 mse 1.1382 lr 2.38e-04
  epoch   1 step   700/1643 mse 1.1096 lr 2.56e-04
  epoch   1 step   750/1643 mse 1.0840 lr 2.74e-04
  epoch   1 step   800/1643 mse 1.0605 lr 2.93e-04
  epoch   1 step   850/1643 mse 1.0387 lr 3.00e-04
  epoch   1 step   900/1643 mse 1.0188 lr 3.00e-04
  epoch   1 step   950/1643 mse 1.0003 lr 3.00e-04
  epoch   1 step  1000/1643 mse 0.9834 lr 3.00e-04
  epoch   1 step  1050/1643 mse 0.9674 lr 3.00e-04
  epoch   1 step  1100/1643 mse 0.9524 lr 3.00e-04
  epoch   1 step  1150/1643 mse 0.9380 lr 2.99e-04
  epoch   1 step  1200/1643 mse 0.9248 lr 2.99e-04
  epoch   1 step  1250/1643 mse 0.9125 lr 2.99e-04
  epoch   1 step  1300/1643 mse 0.9006 lr 2.99e-04
  epoch   1 step  1350/1643 mse 0.8896 lr 2.99e-04
  epoch   1 step  1400/1643 mse 0.8792 lr 2.98e-04
  epoch   1 step  1450/1643 mse 0.8692 lr 2.98e-04
  epoch   1 step  1500/1643 mse 0.8596 lr 2.98e-04
  epoch   1 step  1550/1643 mse 0.8505 lr 2.97e-04
  epoch   1 step  1600/1643 mse 0.8419 lr 2.97e-04
epoch   1  train 0.8349  val 0.6424  MAE 0.3957 mm  9.7 min
  new best: 0.6424
  epoch   2 step     0/1643 mse 0.5545 lr 2.97e-04
  epoch   2 step    50/1643 mse 0.5651 lr 2.96e-04
  epoch   2 step   100/1643 mse 0.5617 lr 2.96e-04
  epoch   2 step   150/1643 mse 0.5610 lr 2.95e-04
  epoch   2 step   200/1643 mse 0.5588 lr 2.95e-04
  epoch   2 step   250/1643 mse 0.5580 lr 2.94e-04
  epoch   2 step   300/1643 mse 0.5563 lr 2.94e-04
  epoch   2 step   350/1643 mse 0.5538 lr 2.93e-04
  epoch   2 step   400/1643 mse 0.5521 lr 2.93e-04
  epoch   2 step   450/1643 mse 0.5501 lr 2.92e-04
  epoch   2 step   500/1643 mse 0.5487 lr 2.92e-04
  epoch   2 step   550/1643 mse 0.5470 lr 2.91e-04
  epoch   2 step   600/1643 mse 0.5453 lr 2.90e-04
  epoch   2 step   650/1643 mse 0.5439 lr 2.90e-04
  epoch   2 step   700/1643 mse 0.5425 lr 2.89e-04
  epoch   2 step   750/1643 mse 0.5411 lr 2.88e-04
  epoch   2 step   800/1643 mse 0.5398 lr 2.87e-04
  epoch   2 step   850/1643 mse 0.5387 lr 2.87e-04
  epoch   2 step   900/1643 mse 0.5373 lr 2.86e-04
  epoch   2 step   950/1643 mse 0.5360 lr 2.85e-04
  epoch   2 step  1000/1643 mse 0.5347 lr 2.84e-04
  epoch   2 step  1050/1643 mse 0.5336 lr 2.83e-04
  epoch   2 step  1100/1643 mse 0.5324 lr 2.83e-04
  epoch   2 step  1150/1643 mse 0.5312 lr 2.82e-04
  epoch   2 step  1200/1643 mse 0.5300 lr 2.81e-04
  epoch   2 step  1250/1643 mse 0.5289 lr 2.80e-04
  epoch   2 step  1300/1643 mse 0.5277 lr 2.79e-04
  epoch   2 step  1350/1643 mse 0.5265 lr 2.78e-04
  epoch   2 step  1400/1643 mse 0.5253 lr 2.77e-04
  epoch   2 step  1450/1643 mse 0.5242 lr 2.76e-04
  epoch   2 step  1500/1643 mse 0.5231 lr 2.75e-04
  epoch   2 step  1550/1643 mse 0.5222 lr 2.74e-04
  epoch   2 step  1600/1643 mse 0.5211 lr 2.73e-04
epoch   2  train 0.5203  val 0.5628  MAE 0.3684 mm  8.2 min
  new best: 0.5628
  epoch   3 step     0/1643 mse 0.4757 lr 2.72e-04
  epoch   3 step    50/1643 mse 0.4876 lr 2.71e-04
  epoch   3 step   100/1643 mse 0.4848 lr 2.69e-04
  epoch   3 step   150/1643 mse 0.4848 lr 2.68e-04
  epoch   3 step   200/1643 mse 0.4836 lr 2.67e-04
  epoch   3 step   250/1643 mse 0.4835 lr 2.66e-04
  epoch   3 step   300/1643 mse 0.4828 lr 2.65e-04
  epoch   3 step   350/1643 mse 0.4813 lr 2.63e-04
  epoch   3 step   400/1643 mse 0.4805 lr 2.62e-04
  epoch   3 step   450/1643 mse 0.4793 lr 2.61e-04
  epoch   3 step   500/1643 mse 0.4788 lr 2.60e-04
  epoch   3 step   550/1643 mse 0.4779 lr 2.58e-04
  epoch   3 step   600/1643 mse 0.4770 lr 2.57e-04
  epoch   3 step   650/1643 mse 0.4763 lr 2.56e-04
  epoch   3 step   700/1643 mse 0.4757 lr 2.54e-04
  epoch   3 step   750/1643 mse 0.4751 lr 2.53e-04
  epoch   3 step   800/1643 mse 0.4745 lr 2.51e-04
  epoch   3 step   850/1643 mse 0.4741 lr 2.50e-04
  epoch   3 step   900/1643 mse 0.4734 lr 2.49e-04
  epoch   3 step   950/1643 mse 0.4727 lr 2.47e-04
  epoch   3 step  1000/1643 mse 0.4721 lr 2.46e-04
  epoch   3 step  1050/1643 mse 0.4716 lr 2.44e-04
  epoch   3 step  1100/1643 mse 0.4710 lr 2.43e-04
  epoch   3 step  1150/1643 mse 0.4704 lr 2.41e-04
  epoch   3 step  1200/1643 mse 0.4698 lr 2.40e-04
  epoch   3 step  1250/1643 mse 0.4692 lr 2.38e-04
  epoch   3 step  1300/1643 mse 0.4686 lr 2.37e-04
  epoch   3 step  1350/1643 mse 0.4680 lr 2.35e-04
  epoch   3 step  1400/1643 mse 0.4674 lr 2.34e-04
  epoch   3 step  1450/1643 mse 0.4667 lr 2.32e-04
  epoch   3 step  1500/1643 mse 0.4662 lr 2.30e-04
  epoch   3 step  1550/1643 mse 0.4657 lr 2.29e-04
  epoch   3 step  1600/1643 mse 0.4652 lr 2.27e-04
epoch   3  train 0.4648  val 0.5261  MAE 0.3515 mm  8.4 min
  new best: 0.5261
  epoch   4 step     0/1643 mse 0.4403 lr 2.26e-04
  epoch   4 step    50/1643 mse 0.4484 lr 2.24e-04
  epoch   4 step   100/1643 mse 0.4461 lr 2.22e-04
  epoch   4 step   150/1643 mse 0.4464 lr 2.21e-04
  epoch   4 step   200/1643 mse 0.4455 lr 2.19e-04
  epoch   4 step   250/1643 mse 0.4457 lr 2.17e-04
  epoch   4 step   300/1643 mse 0.4453 lr 2.16e-04
  epoch   4 step   350/1643 mse 0.4441 lr 2.14e-04
  epoch   4 step   400/1643 mse 0.4437 lr 2.12e-04
  epoch   4 step   450/1643 mse 0.4428 lr 2.11e-04
  epoch   4 step   500/1643 mse 0.4425 lr 2.09e-04
  epoch   4 step   550/1643 mse 0.4418 lr 2.07e-04
  epoch   4 step   600/1643 mse 0.4412 lr 2.05e-04
  epoch   4 step   650/1643 mse 0.4407 lr 2.04e-04
  epoch   4 step   700/1643 mse 0.4404 lr 2.02e-04
  epoch   4 step   750/1643 mse 0.4399 lr 2.00e-04
  epoch   4 step   800/1643 mse 0.4396 lr 1.98e-04
  epoch   4 step   850/1643 mse 0.4394 lr 1.96e-04
  epoch   4 step   900/1643 mse 0.4389 lr 1.95e-04
  epoch   4 step   950/1643 mse 0.4384 lr 1.93e-04
  epoch   4 step  1000/1643 mse 0.4380 lr 1.91e-04
  epoch   4 step  1050/1643 mse 0.4377 lr 1.89e-04
  epoch   4 step  1100/1643 mse 0.4373 lr 1.87e-04
  epoch   4 step  1150/1643 mse 0.4370 lr 1.85e-04
  epoch   4 step  1200/1643 mse 0.4366 lr 1.84e-04
  epoch   4 step  1250/1643 mse 0.4362 lr 1.82e-04
  epoch   4 step  1300/1643 mse 0.4357 lr 1.80e-04
  epoch   4 step  1350/1643 mse 0.4353 lr 1.78e-04
  epoch   4 step  1400/1643 mse 0.4348 lr 1.76e-04
  epoch   4 step  1450/1643 mse 0.4344 lr 1.74e-04
  epoch   4 step  1500/1643 mse 0.4340 lr 1.72e-04
  epoch   4 step  1550/1643 mse 0.4337 lr 1.71e-04
  epoch   4 step  1600/1643 mse 0.4334 lr 1.69e-04
epoch   4  train 0.4331  val 0.5005  MAE 0.3427 mm  8.4 min
  new best: 0.5005
  epoch   5 step     0/1643 mse 0.4172 lr 1.67e-04
  epoch   5 step    50/1643 mse 0.4225 lr 1.65e-04
  epoch   5 step   100/1643 mse 0.4207 lr 1.63e-04
  epoch   5 step   150/1643 mse 0.4209 lr 1.61e-04
  epoch   5 step   200/1643 mse 0.4201 lr 1.59e-04
  epoch   5 step   250/1643 mse 0.4204 lr 1.58e-04
  epoch   5 step   300/1643 mse 0.4203 lr 1.56e-04
  epoch   5 step   350/1643 mse 0.4192 lr 1.54e-04
  epoch   5 step   400/1643 mse 0.4189 lr 1.52e-04
  epoch   5 step   450/1643 mse 0.4182 lr 1.50e-04
  epoch   5 step   500/1643 mse 0.4180 lr 1.48e-04
  epoch   5 step   550/1643 mse 0.4174 lr 1.46e-04
  epoch   5 step   600/1643 mse 0.4170 lr 1.44e-04
  epoch   5 step   650/1643 mse 0.4166 lr 1.42e-04
  epoch   5 step   700/1643 mse 0.4164 lr 1.41e-04
  epoch   5 step   750/1643 mse 0.4161 lr 1.39e-04
  epoch   5 step   800/1643 mse 0.4158 lr 1.37e-04
  epoch   5 step   850/1643 mse 0.4157 lr 1.35e-04
  epoch   5 step   900/1643 mse 0.4153 lr 1.33e-04
  epoch   5 step   950/1643 mse 0.4150 lr 1.31e-04
  epoch   5 step  1000/1643 mse 0.4146 lr 1.29e-04
  epoch   5 step  1050/1643 mse 0.4145 lr 1.27e-04
  epoch   5 step  1100/1643 mse 0.4142 lr 1.26e-04
  epoch   5 step  1150/1643 mse 0.4140 lr 1.24e-04
  epoch   5 step  1200/1643 mse 0.4137 lr 1.22e-04
  epoch   5 step  1250/1643 mse 0.4134 lr 1.20e-04
  epoch   5 step  1300/1643 mse 0.4130 lr 1.18e-04
  epoch   5 step  1350/1643 mse 0.4127 lr 1.16e-04
  epoch   5 step  1400/1643 mse 0.4124 lr 1.14e-04
  epoch   5 step  1450/1643 mse 0.4120 lr 1.13e-04
  epoch   5 step  1500/1643 mse 0.4118 lr 1.11e-04
  epoch   5 step  1550/1643 mse 0.4116 lr 1.09e-04
  epoch   5 step  1600/1643 mse 0.4113 lr 1.07e-04
epoch   5  train 0.4111  val 0.4826  MAE 0.3370 mm  8.5 min
  new best: 0.4826
  epoch   6 step     0/1643 mse 0.3990 lr 1.06e-04
  epoch   6 step    50/1643 mse 0.4033 lr 1.04e-04
  epoch   6 step   100/1643 mse 0.4020 lr 1.02e-04
  epoch   6 step   150/1643 mse 0.4024 lr 1.00e-04
  epoch   6 step   200/1643 mse 0.4016 lr 9.85e-05
  epoch   6 step   250/1643 mse 0.4019 lr 9.67e-05
  epoch   6 step   300/1643 mse 0.4019 lr 9.49e-05
  epoch   6 step   350/1643 mse 0.4010 lr 9.32e-05
  epoch   6 step   400/1643 mse 0.4007 lr 9.15e-05
  epoch   6 step   450/1643 mse 0.4001 lr 8.97e-05
  epoch   6 step   500/1643 mse 0.4001 lr 8.80e-05
  epoch   6 step   550/1643 mse 0.3996 lr 8.63e-05
  epoch   6 step   600/1643 mse 0.3993 lr 8.46e-05
  epoch   6 step   650/1643 mse 0.3990 lr 8.29e-05
  epoch   6 step   700/1643 mse 0.3989 lr 8.13e-05
  epoch   6 step   750/1643 mse 0.3986 lr 7.96e-05
  epoch   6 step   800/1643 mse 0.3985 lr 7.80e-05
  epoch   6 step   850/1643 mse 0.3984 lr 7.63e-05
  epoch   6 step   900/1643 mse 0.3982 lr 7.47e-05
  epoch   6 step   950/1643 mse 0.3979 lr 7.31e-05
  epoch   6 step  1000/1643 mse 0.3977 lr 7.15e-05
  epoch   6 step  1050/1643 mse 0.3976 lr 6.99e-05
  epoch   6 step  1100/1643 mse 0.3973 lr 6.83e-05
  epoch   6 step  1150/1643 mse 0.3972 lr 6.67e-05
  epoch   6 step  1200/1643 mse 0.3970 lr 6.52e-05
  epoch   6 step  1250/1643 mse 0.3968 lr 6.37e-05
  epoch   6 step  1300/1643 mse 0.3965 lr 6.21e-05
  epoch   6 step  1350/1643 mse 0.3963 lr 6.06e-05
  epoch   6 step  1400/1643 mse 0.3960 lr 5.92e-05
  epoch   6 step  1450/1643 mse 0.3958 lr 5.77e-05
  epoch   6 step  1500/1643 mse 0.3956 lr 5.62e-05
  epoch   6 step  1550/1643 mse 0.3955 lr 5.48e-05
  epoch   6 step  1600/1643 mse 0.3953 lr 5.33e-05
epoch   6  train 0.3952  val 0.4718  MAE 0.3331 mm  8.3 min
  new best: 0.4718
  epoch   7 step     0/1643 mse 0.3849 lr 5.21e-05
  epoch   7 step    50/1643 mse 0.3898 lr 5.07e-05
  epoch   7 step   100/1643 mse 0.3888 lr 4.93e-05
  epoch   7 step   150/1643 mse 0.3893 lr 4.80e-05
  epoch   7 step   200/1643 mse 0.3886 lr 4.66e-05
  epoch   7 step   250/1643 mse 0.3889 lr 4.53e-05
  epoch   7 step   300/1643 mse 0.3890 lr 4.40e-05
  epoch   7 step   350/1643 mse 0.3882 lr 4.27e-05
  epoch   7 step   400/1643 mse 0.3880 lr 4.14e-05
  epoch   7 step   450/1643 mse 0.3875 lr 4.02e-05
  epoch   7 step   500/1643 mse 0.3875 lr 3.89e-05
  epoch   7 step   550/1643 mse 0.3871 lr 3.77e-05
  epoch   7 step   600/1643 mse 0.3869 lr 3.65e-05
  epoch   7 step   650/1643 mse 0.3867 lr 3.53e-05
  epoch   7 step   700/1643 mse 0.3867 lr 3.41e-05
  epoch   7 step   750/1643 mse 0.3865 lr 3.30e-05
  epoch   7 step   800/1643 mse 0.3864 lr 3.18e-05
  epoch   7 step   850/1643 mse 0.3865 lr 3.07e-05
  epoch   7 step   900/1643 mse 0.3863 lr 2.96e-05
  epoch   7 step   950/1643 mse 0.3861 lr 2.86e-05
  epoch   7 step  1000/1643 mse 0.3859 lr 2.75e-05
  epoch   7 step  1050/1643 mse 0.3859 lr 2.65e-05
  epoch   7 step  1100/1643 mse 0.3858 lr 2.55e-05
  epoch   7 step  1150/1643 mse 0.3857 lr 2.45e-05
  epoch   7 step  1200/1643 mse 0.3856 lr 2.35e-05
  epoch   7 step  1250/1643 mse 0.3855 lr 2.26e-05
  epoch   7 step  1300/1643 mse 0.3853 lr 2.16e-05
  epoch   7 step  1350/1643 mse 0.3852 lr 2.07e-05
  epoch   7 step  1400/1643 mse 0.3849 lr 1.98e-05
  epoch   7 step  1450/1643 mse 0.3847 lr 1.90e-05
  epoch   7 step  1500/1643 mse 0.3847 lr 1.81e-05
  epoch   7 step  1550/1643 mse 0.3846 lr 1.73e-05
  epoch   7 step  1600/1643 mse 0.3845 lr 1.65e-05
epoch   7  train 0.3845  val 0.4651  MAE 0.3310 mm  8.5 min
  new best: 0.4651
  epoch   8 step     0/1643 mse 0.3768 lr 1.58e-05
  epoch   8 step    50/1643 mse 0.3817 lr 1.51e-05
  epoch   8 step   100/1643 mse 0.3808 lr 1.43e-05
  epoch   8 step   150/1643 mse 0.3813 lr 1.36e-05
  epoch   8 step   200/1643 mse 0.3807 lr 1.29e-05
  epoch   8 step   250/1643 mse 0.3811 lr 1.23e-05
  epoch   8 step   300/1643 mse 0.3812 lr 1.16e-05
  epoch   8 step   350/1643 mse 0.3806 lr 1.10e-05
  epoch   8 step   400/1643 mse 0.3805 lr 1.04e-05
  epoch   8 step   450/1643 mse 0.3800 lr 9.82e-06
  epoch   8 step   500/1643 mse 0.3801 lr 9.26e-06
  epoch   8 step   550/1643 mse 0.3799 lr 8.73e-06
  epoch   8 step   600/1643 mse 0.3797 lr 8.22e-06
  epoch   8 step   650/1643 mse 0.3796 lr 7.73e-06
  epoch   8 step   700/1643 mse 0.3796 lr 7.27e-06
  epoch   8 step   750/1643 mse 0.3795 lr 6.83e-06
  epoch   8 step   800/1643 mse 0.3795 lr 6.42e-06
  epoch   8 step   850/1643 mse 0.3796 lr 6.02e-06
  epoch   8 step   900/1643 mse 0.3795 lr 5.66e-06
  epoch   8 step   950/1643 mse 0.3794 lr 5.31e-06
  epoch   8 step  1000/1643 mse 0.3793 lr 4.99e-06
  epoch   8 step  1050/1643 mse 0.3794 lr 4.69e-06
  epoch   8 step  1100/1643 mse 0.3793 lr 4.42e-06
  epoch   8 step  1150/1643 mse 0.3794 lr 4.17e-06
  epoch   8 step  1200/1643 mse 0.3793 lr 3.95e-06
  epoch   8 step  1250/1643 mse 0.3792 lr 3.74e-06
  epoch   8 step  1300/1643 mse 0.3791 lr 3.57e-06
  epoch   8 step  1350/1643 mse 0.3791 lr 3.41e-06
  epoch   8 step  1400/1643 mse 0.3789 lr 3.28e-06
  epoch   8 step  1450/1643 mse 0.3788 lr 3.18e-06
  epoch   8 step  1500/1643 mse 0.3789 lr 3.10e-06
  epoch   8 step  1550/1643 mse 0.3789 lr 3.04e-06
  epoch   8 step  1600/1643 mse 0.3788 lr 3.01e-06
epoch   8  train 0.3788  val 0.4632  MAE 0.3306 mm  8.3 min
  new best: 0.4632
done. runs/finetune_mse
