device: mps: Apple Silicon GPU (unified memory)   objective: twcrps
head: 1,592,368 trainable parameters, backbone frozen=True
thresholds: median 3.26 mm (2% exceedance rate)
  epoch   1 step     0/1643 twcrps 0.0899 lr 3.65e-07
  epoch   1 step    50/1643 twcrps 0.0884 lr 1.86e-05
  epoch   1 step   100/1643 twcrps 0.0871 lr 3.69e-05
  epoch   1 step   150/1643 twcrps 0.0857 lr 5.52e-05
  epoch   1 step   200/1643 twcrps 0.0839 lr 7.34e-05
  epoch   1 step   250/1643 twcrps 0.0821 lr 9.17e-05
  epoch   1 step   300/1643 twcrps 0.0802 lr 1.10e-04
  epoch   1 step   350/1643 twcrps 0.0785 lr 1.28e-04
  epoch   1 step   400/1643 twcrps 0.0770 lr 1.47e-04
  epoch   1 step   450/1643 twcrps 0.0756 lr 1.65e-04
  epoch   1 step   500/1643 twcrps 0.0744 lr 1.83e-04
  epoch   1 step   550/1643 twcrps 0.0733 lr 2.01e-04
  epoch   1 step   600/1643 twcrps 0.0724 lr 2.20e-04
  epoch   1 step   650/1643 twcrps 0.0714 lr 2.38e-04
  epoch   1 step   700/1643 twcrps 0.0705 lr 2.56e-04
  epoch   1 step   750/1643 twcrps 0.0698 lr 2.74e-04
  epoch   1 step   800/1643 twcrps 0.0691 lr 2.93e-04
  epoch   1 step   850/1643 twcrps 0.0685 lr 3.00e-04
  epoch   1 step   900/1643 twcrps 0.0679 lr 3.00e-04
  epoch   1 step   950/1643 twcrps 0.0674 lr 3.00e-04
  epoch   1 step  1000/1643 twcrps 0.0669 lr 3.00e-04
  epoch   1 step  1050/1643 twcrps 0.0664 lr 3.00e-04
  epoch   1 step  1100/1643 twcrps 0.0660 lr 3.00e-04
  epoch   1 step  1150/1643 twcrps 0.0655 lr 2.99e-04
  epoch   1 step  1200/1643 twcrps 0.0651 lr 2.99e-04
  epoch   1 step  1250/1643 twcrps 0.0647 lr 2.99e-04
  epoch   1 step  1300/1643 twcrps 0.0643 lr 2.99e-04
  epoch   1 step  1350/1643 twcrps 0.0640 lr 2.99e-04
  epoch   1 step  1400/1643 twcrps 0.0636 lr 2.98e-04
  epoch   1 step  1450/1643 twcrps 0.0633 lr 2.98e-04
  epoch   1 step  1500/1643 twcrps 0.0630 lr 2.98e-04
  epoch   1 step  1550/1643 twcrps 0.0627 lr 2.97e-04
  epoch   1 step  1600/1643 twcrps 0.0624 lr 2.97e-04
epoch   1  train 0.0622  val 0.0312  MAE 0.4668 mm  8.2 min
  new best: 0.0312
  epoch   2 step     0/1643 twcrps 0.0504 lr 2.97e-04
  epoch   2 step    50/1643 twcrps 0.0532 lr 2.96e-04
  epoch   2 step   100/1643 twcrps 0.0530 lr 2.96e-04
  epoch   2 step   150/1643 twcrps 0.0528 lr 2.95e-04
  epoch   2 step   200/1643 twcrps 0.0526 lr 2.95e-04
  epoch   2 step   250/1643 twcrps 0.0526 lr 2.94e-04
  epoch   2 step   300/1643 twcrps 0.0525 lr 2.94e-04
  epoch   2 step   350/1643 twcrps 0.0523 lr 2.93e-04
  epoch   2 step   400/1643 twcrps 0.0522 lr 2.93e-04
  epoch   2 step   450/1643 twcrps 0.0521 lr 2.92e-04
  epoch   2 step   500/1643 twcrps 0.0520 lr 2.92e-04
  epoch   2 step   550/1643 twcrps 0.0519 lr 2.91e-04
  epoch   2 step   600/1643 twcrps 0.0519 lr 2.90e-04
  epoch   2 step   650/1643 twcrps 0.0518 lr 2.90e-04
  epoch   2 step   700/1643 twcrps 0.0518 lr 2.89e-04
  epoch   2 step   750/1643 twcrps 0.0518 lr 2.88e-04
  epoch   2 step   800/1643 twcrps 0.0517 lr 2.87e-04
  epoch   2 step   850/1643 twcrps 0.0517 lr 2.87e-04
  epoch   2 step   900/1643 twcrps 0.0516 lr 2.86e-04
  epoch   2 step   950/1643 twcrps 0.0515 lr 2.85e-04
  epoch   2 step  1000/1643 twcrps 0.0515 lr 2.84e-04
  epoch   2 step  1050/1643 twcrps 0.0514 lr 2.83e-04
  epoch   2 step  1100/1643 twcrps 0.0514 lr 2.83e-04
  epoch   2 step  1150/1643 twcrps 0.0513 lr 2.82e-04
  epoch   2 step  1200/1643 twcrps 0.0512 lr 2.81e-04
  epoch   2 step  1250/1643 twcrps 0.0512 lr 2.80e-04
  epoch   2 step  1300/1643 twcrps 0.0511 lr 2.79e-04
  epoch   2 step  1350/1643 twcrps 0.0511 lr 2.78e-04
  epoch   2 step  1400/1643 twcrps 0.0510 lr 2.77e-04
  epoch   2 step  1450/1643 twcrps 0.0509 lr 2.76e-04
  epoch   2 step  1500/1643 twcrps 0.0509 lr 2.75e-04
  epoch   2 step  1550/1643 twcrps 0.0508 lr 2.74e-04
  epoch   2 step  1600/1643 twcrps 0.0508 lr 2.73e-04
epoch   2  train 0.0507  val 0.0290  MAE 0.4286 mm  8.2 min
  new best: 0.0290
  epoch   3 step     0/1643 twcrps 0.0467 lr 2.72e-04
  epoch   3 step    50/1643 twcrps 0.0491 lr 2.71e-04
  epoch   3 step   100/1643 twcrps 0.0490 lr 2.69e-04
  epoch   3 step   150/1643 twcrps 0.0488 lr 2.68e-04
  epoch   3 step   200/1643 twcrps 0.0486 lr 2.67e-04
  epoch   3 step   250/1643 twcrps 0.0487 lr 2.66e-04
  epoch   3 step   300/1643 twcrps 0.0486 lr 2.65e-04
  epoch   3 step   350/1643 twcrps 0.0485 lr 2.63e-04
  epoch   3 step   400/1643 twcrps 0.0484 lr 2.62e-04
  epoch   3 step   450/1643 twcrps 0.0484 lr 2.61e-04
  epoch   3 step   500/1643 twcrps 0.0483 lr 2.60e-04
  epoch   3 step   550/1643 twcrps 0.0483 lr 2.58e-04
  epoch   3 step   600/1643 twcrps 0.0482 lr 2.57e-04
  epoch   3 step   650/1643 twcrps 0.0482 lr 2.56e-04
  epoch   3 step   700/1643 twcrps 0.0483 lr 2.54e-04
  epoch   3 step   750/1643 twcrps 0.0483 lr 2.53e-04
  epoch   3 step   800/1643 twcrps 0.0482 lr 2.51e-04
  epoch   3 step   850/1643 twcrps 0.0482 lr 2.50e-04
  epoch   3 step   900/1643 twcrps 0.0482 lr 2.49e-04
  epoch   3 step   950/1643 twcrps 0.0481 lr 2.47e-04
  epoch   3 step  1000/1643 twcrps 0.0481 lr 2.46e-04
  epoch   3 step  1050/1643 twcrps 0.0481 lr 2.44e-04
  epoch   3 step  1100/1643 twcrps 0.0480 lr 2.43e-04
  epoch   3 step  1150/1643 twcrps 0.0480 lr 2.41e-04
  epoch   3 step  1200/1643 twcrps 0.0479 lr 2.40e-04
  epoch   3 step  1250/1643 twcrps 0.0479 lr 2.38e-04
  epoch   3 step  1300/1643 twcrps 0.0479 lr 2.37e-04
  epoch   3 step  1350/1643 twcrps 0.0479 lr 2.35e-04
  epoch   3 step  1400/1643 twcrps 0.0478 lr 2.34e-04
  epoch   3 step  1450/1643 twcrps 0.0478 lr 2.32e-04
  epoch   3 step  1500/1643 twcrps 0.0477 lr 2.30e-04
  epoch   3 step  1550/1643 twcrps 0.0477 lr 2.29e-04
  epoch   3 step  1600/1643 twcrps 0.0477 lr 2.27e-04
epoch   3  train 0.0477  val 0.0281  MAE 0.4134 mm  8.2 min
  new best: 0.0281
  epoch   4 step     0/1643 twcrps 0.0448 lr 2.26e-04
  epoch   4 step    50/1643 twcrps 0.0469 lr 2.24e-04
  epoch   4 step   100/1643 twcrps 0.0467 lr 2.22e-04
  epoch   4 step   150/1643 twcrps 0.0466 lr 2.21e-04
  epoch   4 step   200/1643 twcrps 0.0464 lr 2.19e-04
  epoch   4 step   250/1643 twcrps 0.0464 lr 2.17e-04
  epoch   4 step   300/1643 twcrps 0.0464 lr 2.16e-04
  epoch   4 step   350/1643 twcrps 0.0463 lr 2.14e-04
  epoch   4 step   400/1643 twcrps 0.0462 lr 2.12e-04
  epoch   4 step   450/1643 twcrps 0.0462 lr 2.11e-04
  epoch   4 step   500/1643 twcrps 0.0462 lr 2.09e-04
  epoch   4 step   550/1643 twcrps 0.0461 lr 2.07e-04
  epoch   4 step   600/1643 twcrps 0.0461 lr 2.05e-04
  epoch   4 step   650/1643 twcrps 0.0461 lr 2.04e-04
  epoch   4 step   700/1643 twcrps 0.0461 lr 2.02e-04
  epoch   4 step   750/1643 twcrps 0.0461 lr 2.00e-04
  epoch   4 step   800/1643 twcrps 0.0461 lr 1.98e-04
  epoch   4 step   850/1643 twcrps 0.0461 lr 1.96e-04
  epoch   4 step   900/1643 twcrps 0.0460 lr 1.95e-04
  epoch   4 step   950/1643 twcrps 0.0460 lr 1.93e-04
  epoch   4 step  1000/1643 twcrps 0.0460 lr 1.91e-04
  epoch   4 step  1050/1643 twcrps 0.0460 lr 1.89e-04
  epoch   4 step  1100/1643 twcrps 0.0459 lr 1.87e-04
  epoch   4 step  1150/1643 twcrps 0.0459 lr 1.85e-04
  epoch   4 step  1200/1643 twcrps 0.0459 lr 1.84e-04
  epoch   4 step  1250/1643 twcrps 0.0459 lr 1.82e-04
  epoch   4 step  1300/1643 twcrps 0.0458 lr 1.80e-04
  epoch   4 step  1350/1643 twcrps 0.0458 lr 1.78e-04
  epoch   4 step  1400/1643 twcrps 0.0458 lr 1.76e-04
  epoch   4 step  1450/1643 twcrps 0.0457 lr 1.74e-04
  epoch   4 step  1500/1643 twcrps 0.0457 lr 1.72e-04
  epoch   4 step  1550/1643 twcrps 0.0457 lr 1.71e-04
  epoch   4 step  1600/1643 twcrps 0.0457 lr 1.69e-04
epoch   4  train 0.0456  val 0.0275  MAE 0.4057 mm  8.2 min
  new best: 0.0275
  epoch   5 step     0/1643 twcrps 0.0432 lr 1.67e-04
  epoch   5 step    50/1643 twcrps 0.0451 lr 1.65e-04
  epoch   5 step   100/1643 twcrps 0.0450 lr 1.63e-04
  epoch   5 step   150/1643 twcrps 0.0449 lr 1.61e-04
  epoch   5 step   200/1643 twcrps 0.0447 lr 1.59e-04
  epoch   5 step   250/1643 twcrps 0.0447 lr 1.58e-04
  epoch   5 step   300/1643 twcrps 0.0447 lr 1.56e-04
  epoch   5 step   350/1643 twcrps 0.0446 lr 1.54e-04
  epoch   5 step   400/1643 twcrps 0.0445 lr 1.52e-04
  epoch   5 step   450/1643 twcrps 0.0445 lr 1.50e-04
  epoch   5 step   500/1643 twcrps 0.0445 lr 1.48e-04
  epoch   5 step   550/1643 twcrps 0.0445 lr 1.46e-04
  epoch   5 step   600/1643 twcrps 0.0444 lr 1.44e-04
  epoch   5 step   650/1643 twcrps 0.0444 lr 1.42e-04
  epoch   5 step   700/1643 twcrps 0.0445 lr 1.41e-04
  epoch   5 step   750/1643 twcrps 0.0445 lr 1.39e-04
  epoch   5 step   800/1643 twcrps 0.0445 lr 1.37e-04
  epoch   5 step   850/1643 twcrps 0.0444 lr 1.35e-04
  epoch   5 step   900/1643 twcrps 0.0444 lr 1.33e-04
  epoch   5 step   950/1643 twcrps 0.0444 lr 1.31e-04
  epoch   5 step  1000/1643 twcrps 0.0444 lr 1.29e-04
  epoch   5 step  1050/1643 twcrps 0.0444 lr 1.27e-04
  epoch   5 step  1100/1643 twcrps 0.0443 lr 1.26e-04
  epoch   5 step  1150/1643 twcrps 0.0443 lr 1.24e-04
  epoch   5 step  1200/1643 twcrps 0.0443 lr 1.22e-04
  epoch   5 step  1250/1643 twcrps 0.0442 lr 1.20e-04
  epoch   5 step  1300/1643 twcrps 0.0442 lr 1.18e-04
  epoch   5 step  1350/1643 twcrps 0.0442 lr 1.16e-04
  epoch   5 step  1400/1643 twcrps 0.0442 lr 1.14e-04
  epoch   5 step  1450/1643 twcrps 0.0441 lr 1.13e-04
  epoch   5 step  1500/1643 twcrps 0.0441 lr 1.11e-04
  epoch   5 step  1550/1643 twcrps 0.0441 lr 1.09e-04
  epoch   5 step  1600/1643 twcrps 0.0441 lr 1.07e-04
epoch   5  train 0.0441  val 0.0270  MAE 0.3984 mm  8.3 min
  new best: 0.0270
  epoch   6 step     0/1643 twcrps 0.0420 lr 1.06e-04
  epoch   6 step    50/1643 twcrps 0.0437 lr 1.04e-04
  epoch   6 step   100/1643 twcrps 0.0436 lr 1.02e-04
  epoch   6 step   150/1643 twcrps 0.0435 lr 1.00e-04
  epoch   6 step   200/1643 twcrps 0.0433 lr 9.85e-05
  epoch   6 step   250/1643 twcrps 0.0433 lr 9.67e-05
  epoch   6 step   300/1643 twcrps 0.0433 lr 9.49e-05
  epoch   6 step   350/1643 twcrps 0.0432 lr 9.32e-05
  epoch   6 step   400/1643 twcrps 0.0432 lr 9.15e-05
  epoch   6 step   450/1643 twcrps 0.0431 lr 8.97e-05
  epoch   6 step   500/1643 twcrps 0.0431 lr 8.80e-05
  epoch   6 step   550/1643 twcrps 0.0431 lr 8.63e-05
  epoch   6 step   600/1643 twcrps 0.0431 lr 8.46e-05
  epoch   6 step   650/1643 twcrps 0.0431 lr 8.29e-05
  epoch   6 step   700/1643 twcrps 0.0431 lr 8.13e-05
  epoch   6 step   750/1643 twcrps 0.0431 lr 7.96e-05
  epoch   6 step   800/1643 twcrps 0.0431 lr 7.80e-05
  epoch   6 step   850/1643 twcrps 0.0431 lr 7.63e-05
  epoch   6 step   900/1643 twcrps 0.0431 lr 7.47e-05
  epoch   6 step   950/1643 twcrps 0.0431 lr 7.31e-05
  epoch   6 step  1000/1643 twcrps 0.0431 lr 7.15e-05
  epoch   6 step  1050/1643 twcrps 0.0430 lr 6.99e-05
  epoch   6 step  1100/1643 twcrps 0.0430 lr 6.83e-05
  epoch   6 step  1150/1643 twcrps 0.0430 lr 6.67e-05
  epoch   6 step  1200/1643 twcrps 0.0430 lr 6.52e-05
  epoch   6 step  1250/1643 twcrps 0.0430 lr 6.37e-05
  epoch   6 step  1300/1643 twcrps 0.0429 lr 6.21e-05
  epoch   6 step  1350/1643 twcrps 0.0429 lr 6.06e-05
  epoch   6 step  1400/1643 twcrps 0.0429 lr 5.92e-05
  epoch   6 step  1450/1643 twcrps 0.0429 lr 5.77e-05
  epoch   6 step  1500/1643 twcrps 0.0428 lr 5.62e-05
  epoch   6 step  1550/1643 twcrps 0.0428 lr 5.48e-05
  epoch   6 step  1600/1643 twcrps 0.0428 lr 5.33e-05
epoch   6  train 0.0428  val 0.0267  MAE 0.3936 mm  8.3 min
  new best: 0.0267
  epoch   7 step     0/1643 twcrps 0.0408 lr 5.21e-05
  epoch   7 step    50/1643 twcrps 0.0426 lr 5.07e-05
  epoch   7 step   100/1643 twcrps 0.0425 lr 4.93e-05
  epoch   7 step   150/1643 twcrps 0.0424 lr 4.80e-05
  epoch   7 step   200/1643 twcrps 0.0423 lr 4.66e-05
  epoch   7 step   250/1643 twcrps 0.0423 lr 4.53e-05
  epoch   7 step   300/1643 twcrps 0.0423 lr 4.40e-05
  epoch   7 step   350/1643 twcrps 0.0421 lr 4.27e-05
  epoch   7 step   400/1643 twcrps 0.0421 lr 4.14e-05
  epoch   7 step   450/1643 twcrps 0.0421 lr 4.02e-05
  epoch   7 step   500/1643 twcrps 0.0421 lr 3.89e-05
  epoch   7 step   550/1643 twcrps 0.0421 lr 3.77e-05
  epoch   7 step   600/1643 twcrps 0.0421 lr 3.65e-05
  epoch   7 step   650/1643 twcrps 0.0421 lr 3.53e-05
  epoch   7 step   700/1643 twcrps 0.0421 lr 3.41e-05
  epoch   7 step   750/1643 twcrps 0.0421 lr 3.30e-05
  epoch   7 step   800/1643 twcrps 0.0421 lr 3.18e-05
  epoch   7 step   850/1643 twcrps 0.0421 lr 3.07e-05
  epoch   7 step   900/1643 twcrps 0.0421 lr 2.96e-05
  epoch   7 step   950/1643 twcrps 0.0421 lr 2.86e-05
  epoch   7 step  1000/1643 twcrps 0.0421 lr 2.75e-05
  epoch   7 step  1050/1643 twcrps 0.0421 lr 2.65e-05
  epoch   7 step  1100/1643 twcrps 0.0420 lr 2.55e-05
  epoch   7 step  1150/1643 twcrps 0.0420 lr 2.45e-05
  epoch   7 step  1200/1643 twcrps 0.0420 lr 2.35e-05
  epoch   7 step  1250/1643 twcrps 0.0420 lr 2.26e-05
  epoch   7 step  1300/1643 twcrps 0.0420 lr 2.16e-05
  epoch   7 step  1350/1643 twcrps 0.0420 lr 2.07e-05
  epoch   7 step  1400/1643 twcrps 0.0420 lr 1.98e-05
  epoch   7 step  1450/1643 twcrps 0.0419 lr 1.90e-05
  epoch   7 step  1500/1643 twcrps 0.0419 lr 1.81e-05
  epoch   7 step  1550/1643 twcrps 0.0419 lr 1.73e-05
  epoch   7 step  1600/1643 twcrps 0.0419 lr 1.65e-05
epoch   7  train 0.0419  val 0.0265  MAE 0.3914 mm  8.2 min
  new best: 0.0265
  epoch   8 step     0/1643 twcrps 0.0401 lr 1.58e-05
  epoch   8 step    50/1643 twcrps 0.0419 lr 1.51e-05
  epoch   8 step   100/1643 twcrps 0.0418 lr 1.43e-05
  epoch   8 step   150/1643 twcrps 0.0417 lr 1.36e-05
  epoch   8 step   200/1643 twcrps 0.0416 lr 1.29e-05
  epoch   8 step   250/1643 twcrps 0.0416 lr 1.23e-05
  epoch   8 step   300/1643 twcrps 0.0416 lr 1.16e-05
  epoch   8 step   350/1643 twcrps 0.0415 lr 1.10e-05
  epoch   8 step   400/1643 twcrps 0.0415 lr 1.04e-05
  epoch   8 step   450/1643 twcrps 0.0414 lr 9.82e-06
  epoch   8 step   500/1643 twcrps 0.0414 lr 9.26e-06
  epoch   8 step   550/1643 twcrps 0.0414 lr 8.73e-06
  epoch   8 step   600/1643 twcrps 0.0414 lr 8.22e-06
  epoch   8 step   650/1643 twcrps 0.0414 lr 7.73e-06
  epoch   8 step   700/1643 twcrps 0.0415 lr 7.27e-06
  epoch   8 step   750/1643 twcrps 0.0415 lr 6.83e-06
  epoch   8 step   800/1643 twcrps 0.0415 lr 6.42e-06
  epoch   8 step   850/1643 twcrps 0.0415 lr 6.02e-06
  epoch   8 step   900/1643 twcrps 0.0415 lr 5.66e-06
  epoch   8 step   950/1643 twcrps 0.0415 lr 5.31e-06
  epoch   8 step  1000/1643 twcrps 0.0415 lr 4.99e-06
  epoch   8 step  1050/1643 twcrps 0.0415 lr 4.69e-06
  epoch   8 step  1100/1643 twcrps 0.0415 lr 4.42e-06
  epoch   8 step  1150/1643 twcrps 0.0414 lr 4.17e-06
  epoch   8 step  1200/1643 twcrps 0.0414 lr 3.95e-06
  epoch   8 step  1250/1643 twcrps 0.0414 lr 3.74e-06
  epoch   8 step  1300/1643 twcrps 0.0414 lr 3.57e-06
  epoch   8 step  1350/1643 twcrps 0.0414 lr 3.41e-06
  epoch   8 step  1400/1643 twcrps 0.0414 lr 3.28e-06
  epoch   8 step  1450/1643 twcrps 0.0414 lr 3.18e-06
  epoch   8 step  1500/1643 twcrps 0.0414 lr 3.10e-06
  epoch   8 step  1550/1643 twcrps 0.0414 lr 3.04e-06
  epoch   8 step  1600/1643 twcrps 0.0414 lr 3.01e-06
epoch   8  train 0.0414  val 0.0265  MAE 0.3914 mm  8.2 min
  new best: 0.0265
done. runs/finetune_twcrps
