device: mps: Apple Silicon GPU (unified memory)   objective: l1
head: 1,584,144 trainable parameters, backbone frozen=True
  epoch   1 step     0/1643 l1 0.8577 lr 3.65e-07
  epoch   1 step    50/1643 l1 0.8165 lr 1.86e-05
  epoch   1 step   100/1643 l1 0.7552 lr 3.69e-05
  epoch   1 step   150/1643 l1 0.7199 lr 5.52e-05
  epoch   1 step   200/1643 l1 0.6914 lr 7.34e-05
  epoch   1 step   250/1643 l1 0.6659 lr 9.17e-05
  epoch   1 step   300/1643 l1 0.6414 lr 1.10e-04
  epoch   1 step   350/1643 l1 0.6202 lr 1.28e-04
  epoch   1 step   400/1643 l1 0.6018 lr 1.47e-04
  epoch   1 step   450/1643 l1 0.5859 lr 1.65e-04
  epoch   1 step   500/1643 l1 0.5722 lr 1.83e-04
  epoch   1 step   550/1643 l1 0.5600 lr 2.01e-04
  epoch   1 step   600/1643 l1 0.5492 lr 2.20e-04
  epoch   1 step   650/1643 l1 0.5395 lr 2.38e-04
  epoch   1 step   700/1643 l1 0.5308 lr 2.56e-04
  epoch   1 step   750/1643 l1 0.5229 lr 2.74e-04
  epoch   1 step   800/1643 l1 0.5156 lr 2.93e-04
  epoch   1 step   850/1643 l1 0.5089 lr 3.00e-04
  epoch   1 step   900/1643 l1 0.5028 lr 3.00e-04
  epoch   1 step   950/1643 l1 0.4970 lr 3.00e-04
  epoch   1 step  1000/1643 l1 0.4917 lr 3.00e-04
  epoch   1 step  1050/1643 l1 0.4867 lr 3.00e-04
  epoch   1 step  1100/1643 l1 0.4821 lr 3.00e-04
  epoch   1 step  1150/1643 l1 0.4776 lr 2.99e-04
  epoch   1 step  1200/1643 l1 0.4735 lr 2.99e-04
  epoch   1 step  1250/1643 l1 0.4696 lr 2.99e-04
  epoch   1 step  1300/1643 l1 0.4659 lr 2.99e-04
  epoch   1 step  1350/1643 l1 0.4624 lr 2.99e-04
  epoch   1 step  1400/1643 l1 0.4591 lr 2.98e-04
  epoch   1 step  1450/1643 l1 0.4559 lr 2.98e-04
  epoch   1 step  1500/1643 l1 0.4529 lr 2.98e-04
  epoch   1 step  1550/1643 l1 0.4501 lr 2.97e-04
  epoch   1 step  1600/1643 l1 0.4473 lr 2.97e-04
epoch   1  train 0.4451  val 0.3727  MAE 0.3727 mm  8.3 min
  new best: 0.3727
  epoch   2 step     0/1643 l1 0.3571 lr 2.97e-04
  epoch   2 step    50/1643 l1 0.3598 lr 2.96e-04
  epoch   2 step   100/1643 l1 0.3587 lr 2.96e-04
  epoch   2 step   150/1643 l1 0.3583 lr 2.95e-04
  epoch   2 step   200/1643 l1 0.3574 lr 2.95e-04
  epoch   2 step   250/1643 l1 0.3570 lr 2.94e-04
  epoch   2 step   300/1643 l1 0.3564 lr 2.94e-04
  epoch   2 step   350/1643 l1 0.3556 lr 2.93e-04
  epoch   2 step   400/1643 l1 0.3550 lr 2.93e-04
  epoch   2 step   450/1643 l1 0.3544 lr 2.92e-04
  epoch   2 step   500/1643 l1 0.3538 lr 2.92e-04
  epoch   2 step   550/1643 l1 0.3533 lr 2.91e-04
  epoch   2 step   600/1643 l1 0.3527 lr 2.90e-04
  epoch   2 step   650/1643 l1 0.3522 lr 2.90e-04
  epoch   2 step   700/1643 l1 0.3517 lr 2.89e-04
  epoch   2 step   750/1643 l1 0.3512 lr 2.88e-04
  epoch   2 step   800/1643 l1 0.3507 lr 2.87e-04
  epoch   2 step   850/1643 l1 0.3503 lr 2.87e-04
  epoch   2 step   900/1643 l1 0.3499 lr 2.86e-04
  epoch   2 step   950/1643 l1 0.3494 lr 2.85e-04
  epoch   2 step  1000/1643 l1 0.3490 lr 2.84e-04
  epoch   2 step  1050/1643 l1 0.3486 lr 2.83e-04
  epoch   2 step  1100/1643 l1 0.3481 lr 2.83e-04
  epoch   2 step  1150/1643 l1 0.3477 lr 2.82e-04
  epoch   2 step  1200/1643 l1 0.3473 lr 2.81e-04
  epoch   2 step  1250/1643 l1 0.3469 lr 2.80e-04
  epoch   2 step  1300/1643 l1 0.3465 lr 2.79e-04
  epoch   2 step  1350/1643 l1 0.3461 lr 2.78e-04
  epoch   2 step  1400/1643 l1 0.3456 lr 2.77e-04
  epoch   2 step  1450/1643 l1 0.3452 lr 2.76e-04
  epoch   2 step  1500/1643 l1 0.3449 lr 2.75e-04
  epoch   2 step  1550/1643 l1 0.3445 lr 2.74e-04
  epoch   2 step  1600/1643 l1 0.3441 lr 2.73e-04
epoch   2  train 0.3438  val 0.3454  MAE 0.3454 mm  8.4 min
  new best: 0.3454
  epoch   3 step     0/1643 l1 0.3287 lr 2.72e-04
  epoch   3 step    50/1643 l1 0.3313 lr 2.71e-04
  epoch   3 step   100/1643 l1 0.3305 lr 2.69e-04
  epoch   3 step   150/1643 l1 0.3306 lr 2.68e-04
  epoch   3 step   200/1643 l1 0.3302 lr 2.67e-04
  epoch   3 step   250/1643 l1 0.3300 lr 2.66e-04
  epoch   3 step   300/1643 l1 0.3297 lr 2.65e-04
  epoch   3 step   350/1643 l1 0.3294 lr 2.63e-04
  epoch   3 step   400/1643 l1 0.3291 lr 2.62e-04
  epoch   3 step   450/1643 l1 0.3288 lr 2.61e-04
  epoch   3 step   500/1643 l1 0.3286 lr 2.60e-04
  epoch   3 step   550/1643 l1 0.3283 lr 2.58e-04
  epoch   3 step   600/1643 l1 0.3280 lr 2.57e-04
  epoch   3 step   650/1643 l1 0.3278 lr 2.56e-04
  epoch   3 step   700/1643 l1 0.3275 lr 2.54e-04
  epoch   3 step   750/1643 l1 0.3273 lr 2.53e-04
  epoch   3 step   800/1643 l1 0.3271 lr 2.51e-04
  epoch   3 step   850/1643 l1 0.3269 lr 2.50e-04
  epoch   3 step   900/1643 l1 0.3267 lr 2.49e-04
  epoch   3 step   950/1643 l1 0.3265 lr 2.47e-04
  epoch   3 step  1000/1643 l1 0.3262 lr 2.46e-04
  epoch   3 step  1050/1643 l1 0.3261 lr 2.44e-04
  epoch   3 step  1100/1643 l1 0.3258 lr 2.43e-04
  epoch   3 step  1150/1643 l1 0.3256 lr 2.41e-04
  epoch   3 step  1200/1643 l1 0.3254 lr 2.40e-04
  epoch   3 step  1250/1643 l1 0.3252 lr 2.38e-04
  epoch   3 step  1300/1643 l1 0.3250 lr 2.37e-04
  epoch   3 step  1350/1643 l1 0.3248 lr 2.35e-04
  epoch   3 step  1400/1643 l1 0.3245 lr 2.34e-04
  epoch   3 step  1450/1643 l1 0.3243 lr 2.32e-04
  epoch   3 step  1500/1643 l1 0.3241 lr 2.30e-04
  epoch   3 step  1550/1643 l1 0.3239 lr 2.29e-04
  epoch   3 step  1600/1643 l1 0.3237 lr 2.27e-04
epoch   3  train 0.3236  val 0.3314  MAE 0.3314 mm  8.4 min
  new best: 0.3314
  epoch   4 step     0/1643 l1 0.3148 lr 2.26e-04
  epoch   4 step    50/1643 l1 0.3173 lr 2.24e-04
  epoch   4 step   100/1643 l1 0.3166 lr 2.22e-04
  epoch   4 step   150/1643 l1 0.3166 lr 2.21e-04
  epoch   4 step   200/1643 l1 0.3163 lr 2.19e-04
  epoch   4 step   250/1643 l1 0.3162 lr 2.17e-04
  epoch   4 step   300/1643 l1 0.3160 lr 2.16e-04
  epoch   4 step   350/1643 l1 0.3158 lr 2.14e-04
  epoch   4 step   400/1643 l1 0.3156 lr 2.12e-04
  epoch   4 step   450/1643 l1 0.3154 lr 2.11e-04
  epoch   4 step   500/1643 l1 0.3152 lr 2.09e-04
  epoch   4 step   550/1643 l1 0.3150 lr 2.07e-04
  epoch   4 step   600/1643 l1 0.3149 lr 2.05e-04
  epoch   4 step   650/1643 l1 0.3147 lr 2.04e-04
  epoch   4 step   700/1643 l1 0.3146 lr 2.02e-04
  epoch   4 step   750/1643 l1 0.3144 lr 2.00e-04
  epoch   4 step   800/1643 l1 0.3143 lr 1.98e-04
  epoch   4 step   850/1643 l1 0.3142 lr 1.96e-04
  epoch   4 step   900/1643 l1 0.3140 lr 1.95e-04
  epoch   4 step   950/1643 l1 0.3139 lr 1.93e-04
  epoch   4 step  1000/1643 l1 0.3138 lr 1.91e-04
  epoch   4 step  1050/1643 l1 0.3137 lr 1.89e-04
  epoch   4 step  1100/1643 l1 0.3135 lr 1.87e-04
  epoch   4 step  1150/1643 l1 0.3134 lr 1.85e-04
  epoch   4 step  1200/1643 l1 0.3132 lr 1.84e-04
  epoch   4 step  1250/1643 l1 0.3131 lr 1.82e-04
  epoch   4 step  1300/1643 l1 0.3130 lr 1.80e-04
  epoch   4 step  1350/1643 l1 0.3128 lr 1.78e-04
  epoch   4 step  1400/1643 l1 0.3127 lr 1.76e-04
  epoch   4 step  1450/1643 l1 0.3125 lr 1.74e-04
  epoch   4 step  1500/1643 l1 0.3124 lr 1.72e-04
  epoch   4 step  1550/1643 l1 0.3122 lr 1.71e-04
  epoch   4 step  1600/1643 l1 0.3121 lr 1.69e-04
epoch   4  train 0.3120  val 0.3234  MAE 0.3234 mm  8.3 min
  new best: 0.3234
  epoch   5 step     0/1643 l1 0.3063 lr 1.67e-04
  epoch   5 step    50/1643 l1 0.3080 lr 1.65e-04
  epoch   5 step   100/1643 l1 0.3074 lr 1.63e-04
  epoch   5 step   150/1643 l1 0.3075 lr 1.61e-04
  epoch   5 step   200/1643 l1 0.3073 lr 1.59e-04
  epoch   5 step   250/1643 l1 0.3073 lr 1.58e-04
  epoch   5 step   300/1643 l1 0.3071 lr 1.56e-04
  epoch   5 step   350/1643 l1 0.3069 lr 1.54e-04
  epoch   5 step   400/1643 l1 0.3068 lr 1.52e-04
  epoch   5 step   450/1643 l1 0.3066 lr 1.50e-04
  epoch   5 step   500/1643 l1 0.3065 lr 1.48e-04
  epoch   5 step   550/1643 l1 0.3064 lr 1.46e-04
  epoch   5 step   600/1643 l1 0.3062 lr 1.44e-04
  epoch   5 step   650/1643 l1 0.3061 lr 1.42e-04
  epoch   5 step   700/1643 l1 0.3060 lr 1.41e-04
  epoch   5 step   750/1643 l1 0.3059 lr 1.39e-04
  epoch   5 step   800/1643 l1 0.3058 lr 1.37e-04
  epoch   5 step   850/1643 l1 0.3058 lr 1.35e-04
  epoch   5 step   900/1643 l1 0.3057 lr 1.33e-04
  epoch   5 step   950/1643 l1 0.3056 lr 1.31e-04
  epoch   5 step  1000/1643 l1 0.3055 lr 1.29e-04
  epoch   5 step  1050/1643 l1 0.3054 lr 1.27e-04
  epoch   5 step  1100/1643 l1 0.3053 lr 1.26e-04
  epoch   5 step  1150/1643 l1 0.3052 lr 1.24e-04
  epoch   5 step  1200/1643 l1 0.3051 lr 1.22e-04
  epoch   5 step  1250/1643 l1 0.3050 lr 1.20e-04
  epoch   5 step  1300/1643 l1 0.3049 lr 1.18e-04
  epoch   5 step  1350/1643 l1 0.3048 lr 1.16e-04
  epoch   5 step  1400/1643 l1 0.3047 lr 1.14e-04
  epoch   5 step  1450/1643 l1 0.3046 lr 1.13e-04
  epoch   5 step  1500/1643 l1 0.3045 lr 1.11e-04
  epoch   5 step  1550/1643 l1 0.3044 lr 1.09e-04
  epoch   5 step  1600/1643 l1 0.3043 lr 1.07e-04
epoch   5  train 0.3042  val 0.3176  MAE 0.3176 mm  8.3 min
  new best: 0.3176
  epoch   6 step     0/1643 l1 0.2991 lr 1.06e-04
  epoch   6 step    50/1643 l1 0.3015 lr 1.04e-04
  epoch   6 step   100/1643 l1 0.3009 lr 1.02e-04
  epoch   6 step   150/1643 l1 0.3010 lr 1.00e-04
  epoch   6 step   200/1643 l1 0.3008 lr 9.85e-05
  epoch   6 step   250/1643 l1 0.3008 lr 9.67e-05
  epoch   6 step   300/1643 l1 0.3007 lr 9.49e-05
  epoch   6 step   350/1643 l1 0.3005 lr 9.32e-05
  epoch   6 step   400/1643 l1 0.3004 lr 9.15e-05
  epoch   6 step   450/1643 l1 0.3003 lr 8.97e-05
  epoch   6 step   500/1643 l1 0.3003 lr 8.80e-05
  epoch   6 step   550/1643 l1 0.3001 lr 8.63e-05
  epoch   6 step   600/1643 l1 0.3001 lr 8.46e-05
  epoch   6 step   650/1643 l1 0.3000 lr 8.29e-05
  epoch   6 step   700/1643 l1 0.2999 lr 8.13e-05
  epoch   6 step   750/1643 l1 0.2998 lr 7.96e-05
  epoch   6 step   800/1643 l1 0.2998 lr 7.80e-05
  epoch   6 step   850/1643 l1 0.2997 lr 7.63e-05
  epoch   6 step   900/1643 l1 0.2997 lr 7.47e-05
  epoch   6 step   950/1643 l1 0.2996 lr 7.31e-05
  epoch   6 step  1000/1643 l1 0.2995 lr 7.15e-05
  epoch   6 step  1050/1643 l1 0.2995 lr 6.99e-05
  epoch   6 step  1100/1643 l1 0.2994 lr 6.83e-05
  epoch   6 step  1150/1643 l1 0.2994 lr 6.67e-05
  epoch   6 step  1200/1643 l1 0.2993 lr 6.52e-05
  epoch   6 step  1250/1643 l1 0.2992 lr 6.37e-05
  epoch   6 step  1300/1643 l1 0.2992 lr 6.21e-05
  epoch   6 step  1350/1643 l1 0.2991 lr 6.06e-05
  epoch   6 step  1400/1643 l1 0.2990 lr 5.92e-05
  epoch   6 step  1450/1643 l1 0.2989 lr 5.77e-05
  epoch   6 step  1500/1643 l1 0.2988 lr 5.62e-05
  epoch   6 step  1550/1643 l1 0.2988 lr 5.48e-05
  epoch   6 step  1600/1643 l1 0.2987 lr 5.33e-05
epoch   6  train 0.2986  val 0.3137  MAE 0.3137 mm  8.2 min
  new best: 0.3137
  epoch   7 step     0/1643 l1 0.2947 lr 5.21e-05
  epoch   7 step    50/1643 l1 0.2969 lr 5.07e-05
  epoch   7 step   100/1643 l1 0.2964 lr 4.93e-05
  epoch   7 step   150/1643 l1 0.2965 lr 4.80e-05
  epoch   7 step   200/1643 l1 0.2962 lr 4.66e-05
  epoch   7 step   250/1643 l1 0.2963 lr 4.53e-05
  epoch   7 step   300/1643 l1 0.2962 lr 4.40e-05
  epoch   7 step   350/1643 l1 0.2961 lr 4.27e-05
  epoch   7 step   400/1643 l1 0.2960 lr 4.14e-05
  epoch   7 step   450/1643 l1 0.2959 lr 4.02e-05
  epoch   7 step   500/1643 l1 0.2959 lr 3.89e-05
  epoch   7 step   550/1643 l1 0.2958 lr 3.77e-05
  epoch   7 step   600/1643 l1 0.2958 lr 3.65e-05
  epoch   7 step   650/1643 l1 0.2957 lr 3.53e-05
  epoch   7 step   700/1643 l1 0.2957 lr 3.41e-05
  epoch   7 step   750/1643 l1 0.2956 lr 3.30e-05
  epoch   7 step   800/1643 l1 0.2956 lr 3.18e-05
  epoch   7 step   850/1643 l1 0.2956 lr 3.07e-05
  epoch   7 step   900/1643 l1 0.2956 lr 2.96e-05
  epoch   7 step   950/1643 l1 0.2955 lr 2.86e-05
  epoch   7 step  1000/1643 l1 0.2955 lr 2.75e-05
  epoch   7 step  1050/1643 l1 0.2955 lr 2.65e-05
  epoch   7 step  1100/1643 l1 0.2954 lr 2.55e-05
  epoch   7 step  1150/1643 l1 0.2954 lr 2.45e-05
  epoch   7 step  1200/1643 l1 0.2954 lr 2.35e-05
  epoch   7 step  1250/1643 l1 0.2953 lr 2.26e-05
  epoch   7 step  1300/1643 l1 0.2953 lr 2.16e-05
  epoch   7 step  1350/1643 l1 0.2952 lr 2.07e-05
  epoch   7 step  1400/1643 l1 0.2952 lr 1.98e-05
  epoch   7 step  1450/1643 l1 0.2951 lr 1.90e-05
  epoch   7 step  1500/1643 l1 0.2951 lr 1.81e-05
  epoch   7 step  1550/1643 l1 0.2950 lr 1.73e-05
  epoch   7 step  1600/1643 l1 0.2950 lr 1.65e-05
epoch   7  train 0.2950  val 0.3113  MAE 0.3113 mm  8.2 min
  new best: 0.3113
  epoch   8 step     0/1643 l1 0.2918 lr 1.58e-05
  epoch   8 step    50/1643 l1 0.2940 lr 1.51e-05
  epoch   8 step   100/1643 l1 0.2936 lr 1.43e-05
  epoch   8 step   150/1643 l1 0.2938 lr 1.36e-05
  epoch   8 step   200/1643 l1 0.2936 lr 1.29e-05
  epoch   8 step   250/1643 l1 0.2937 lr 1.23e-05
  epoch   8 step   300/1643 l1 0.2936 lr 1.16e-05
  epoch   8 step   350/1643 l1 0.2935 lr 1.10e-05
  epoch   8 step   400/1643 l1 0.2935 lr 1.04e-05
  epoch   8 step   450/1643 l1 0.2934 lr 9.82e-06
  epoch   8 step   500/1643 l1 0.2934 lr 9.26e-06
  epoch   8 step   550/1643 l1 0.2933 lr 8.73e-06
  epoch   8 step   600/1643 l1 0.2933 lr 8.22e-06
  epoch   8 step   650/1643 l1 0.2933 lr 7.73e-06
  epoch   8 step   700/1643 l1 0.2933 lr 7.27e-06
  epoch   8 step   750/1643 l1 0.2932 lr 6.83e-06
  epoch   8 step   800/1643 l1 0.2933 lr 6.42e-06
  epoch   8 step   850/1643 l1 0.2933 lr 6.02e-06
  epoch   8 step   900/1643 l1 0.2932 lr 5.66e-06
  epoch   8 step   950/1643 l1 0.2933 lr 5.31e-06
  epoch   8 step  1000/1643 l1 0.2932 lr 4.99e-06
  epoch   8 step  1050/1643 l1 0.2932 lr 4.69e-06
  epoch   8 step  1100/1643 l1 0.2932 lr 4.42e-06
  epoch   8 step  1150/1643 l1 0.2932 lr 4.17e-06
  epoch   8 step  1200/1643 l1 0.2932 lr 3.95e-06
  epoch   8 step  1250/1643 l1 0.2932 lr 3.74e-06
  epoch   8 step  1300/1643 l1 0.2932 lr 3.57e-06
  epoch   8 step  1350/1643 l1 0.2932 lr 3.41e-06
  epoch   8 step  1400/1643 l1 0.2931 lr 3.28e-06
  epoch   8 step  1450/1643 l1 0.2931 lr 3.18e-06
  epoch   8 step  1500/1643 l1 0.2931 lr 3.10e-06
  epoch   8 step  1550/1643 l1 0.2931 lr 3.04e-06
  epoch   8 step  1600/1643 l1 0.2930 lr 3.01e-06
epoch   8  train 0.2930  val 0.3106  MAE 0.3106 mm  8.2 min
  new best: 0.3106
done. runs/finetune_l1
