device: mps: Apple Silicon GPU (unified memory)
samples: 52,594 train, 2,922 val
model: 4,993,280 backbone parameters
masking: 32/128 tokens visible
  epoch   1 step     0/1643 loss 1.3187 lr 9.13e-08
  epoch   1 step    50/1643 loss 1.3016 lr 4.66e-06
  epoch   1 step   100/1643 loss 1.2514 lr 9.22e-06
  epoch   1 step   150/1643 loss 1.2109 lr 1.38e-05
  epoch   1 step   200/1643 loss 1.1814 lr 1.84e-05
  epoch   1 step   250/1643 loss 1.1533 lr 2.29e-05
  epoch   1 step   300/1643 loss 1.1184 lr 2.75e-05
  epoch   1 step   350/1643 loss 1.0793 lr 3.20e-05
  epoch   1 step   400/1643 loss 1.0400 lr 3.66e-05
  epoch   1 step   450/1643 loss 1.0022 lr 4.12e-05
  epoch   1 step   500/1643 loss 0.9675 lr 4.57e-05
  epoch   1 step   550/1643 loss 0.9356 lr 5.03e-05
  epoch   1 step   600/1643 loss 0.9064 lr 5.49e-05
  epoch   1 step   650/1643 loss 0.8795 lr 5.94e-05
  epoch   1 step   700/1643 loss 0.8548 lr 6.40e-05
  epoch   1 step   750/1643 loss 0.8324 lr 6.86e-05
  epoch   1 step   800/1643 loss 0.8121 lr 7.31e-05
  epoch   1 step   850/1643 loss 0.7938 lr 7.77e-05
  epoch   1 step   900/1643 loss 0.7772 lr 8.23e-05
  epoch   1 step   950/1643 loss 0.7622 lr 8.68e-05
  epoch   1 step  1000/1643 loss 0.7486 lr 9.14e-05
  epoch   1 step  1050/1643 loss 0.7362 lr 9.60e-05
  epoch   1 step  1100/1643 loss 0.7249 lr 1.01e-04
  epoch   1 step  1150/1643 loss 0.7146 lr 1.05e-04
  epoch   1 step  1200/1643 loss 0.7051 lr 1.10e-04
  epoch   1 step  1250/1643 loss 0.6963 lr 1.14e-04
  epoch   1 step  1300/1643 loss 0.6881 lr 1.19e-04
  epoch   1 step  1350/1643 loss 0.6805 lr 1.23e-04
  epoch   1 step  1400/1643 loss 0.6734 lr 1.28e-04
  epoch   1 step  1450/1643 loss 0.6667 lr 1.32e-04
  epoch   1 step  1500/1643 loss 0.6605 lr 1.37e-04
  epoch   1 step  1550/1643 loss 0.6547 lr 1.42e-04
  epoch   1 step  1600/1643 loss 0.6492 lr 1.46e-04
epoch   1  train 0.6448  val 0.4991  8.4 min
  new best: 0.4991
  epoch   2 step     0/1643 loss 0.4786 lr 1.50e-04
  epoch   2 step    50/1643 loss 0.4778 lr 1.50e-04
  epoch   2 step   100/1643 loss 0.4785 lr 1.50e-04
  epoch   2 step   150/1643 loss 0.4781 lr 1.50e-04
  epoch   2 step   200/1643 loss 0.4777 lr 1.50e-04
  epoch   2 step   250/1643 loss 0.4775 lr 1.50e-04
  epoch   2 step   300/1643 loss 0.4773 lr 1.50e-04
  epoch   2 step   350/1643 loss 0.4771 lr 1.50e-04
  epoch   2 step   400/1643 loss 0.4768 lr 1.50e-04
  epoch   2 step   450/1643 loss 0.4768 lr 1.50e-04
  epoch   2 step   500/1643 loss 0.4764 lr 1.50e-04
  epoch   2 step   550/1643 loss 0.4761 lr 1.50e-04
  epoch   2 step   600/1643 loss 0.4762 lr 1.50e-04
  epoch   2 step   650/1643 loss 0.4760 lr 1.50e-04
  epoch   2 step   700/1643 loss 0.4758 lr 1.50e-04
  epoch   2 step   750/1643 loss 0.4757 lr 1.50e-04
  epoch   2 step   800/1643 loss 0.4756 lr 1.50e-04
  epoch   2 step   850/1643 loss 0.4754 lr 1.50e-04
  epoch   2 step   900/1643 loss 0.4752 lr 1.50e-04
  epoch   2 step   950/1643 loss 0.4751 lr 1.50e-04
  epoch   2 step  1000/1643 loss 0.4748 lr 1.50e-04
  epoch   2 step  1050/1643 loss 0.4747 lr 1.50e-04
  epoch   2 step  1100/1643 loss 0.4746 lr 1.50e-04
  epoch   2 step  1150/1643 loss 0.4744 lr 1.50e-04
  epoch   2 step  1200/1643 loss 0.4743 lr 1.49e-04
  epoch   2 step  1250/1643 loss 0.4741 lr 1.49e-04
  epoch   2 step  1300/1643 loss 0.4740 lr 1.49e-04
  epoch   2 step  1350/1643 loss 0.4740 lr 1.49e-04
  epoch   2 step  1400/1643 loss 0.4739 lr 1.49e-04
  epoch   2 step  1450/1643 loss 0.4737 lr 1.49e-04
  epoch   2 step  1500/1643 loss 0.4736 lr 1.49e-04
  epoch   2 step  1550/1643 loss 0.4735 lr 1.49e-04
  epoch   2 step  1600/1643 loss 0.4734 lr 1.49e-04
epoch   2  train 0.4733  val 0.4899  8.2 min
  new best: 0.4899
  epoch   3 step     0/1643 loss 0.4730 lr 1.49e-04
  epoch   3 step    50/1643 loss 0.4708 lr 1.49e-04
  epoch   3 step   100/1643 loss 0.4706 lr 1.49e-04
  epoch   3 step   150/1643 loss 0.4699 lr 1.49e-04
  epoch   3 step   200/1643 loss 0.4696 lr 1.49e-04
  epoch   3 step   250/1643 loss 0.4694 lr 1.49e-04
  epoch   3 step   300/1643 loss 0.4694 lr 1.49e-04
  epoch   3 step   350/1643 loss 0.4695 lr 1.49e-04
  epoch   3 step   400/1643 loss 0.4693 lr 1.48e-04
  epoch   3 step   450/1643 loss 0.4689 lr 1.48e-04
  epoch   3 step   500/1643 loss 0.4685 lr 1.48e-04
  epoch   3 step   550/1643 loss 0.4685 lr 1.48e-04
  epoch   3 step   600/1643 loss 0.4683 lr 1.48e-04
  epoch   3 step   650/1643 loss 0.4680 lr 1.48e-04
  epoch   3 step   700/1643 loss 0.4675 lr 1.48e-04
  epoch   3 step   750/1643 loss 0.4671 lr 1.48e-04
  epoch   3 step   800/1643 loss 0.4666 lr 1.48e-04
  epoch   3 step   850/1643 loss 0.4661 lr 1.48e-04
  epoch   3 step   900/1643 loss 0.4655 lr 1.48e-04
  epoch   3 step   950/1643 loss 0.4649 lr 1.47e-04
  epoch   3 step  1000/1643 loss 0.4641 lr 1.47e-04
  epoch   3 step  1050/1643 loss 0.4632 lr 1.47e-04
  epoch   3 step  1100/1643 loss 0.4619 lr 1.47e-04
  epoch   3 step  1150/1643 loss 0.4604 lr 1.47e-04
  epoch   3 step  1200/1643 loss 0.4588 lr 1.47e-04
  epoch   3 step  1250/1643 loss 0.4572 lr 1.47e-04
  epoch   3 step  1300/1643 loss 0.4556 lr 1.47e-04
  epoch   3 step  1350/1643 loss 0.4538 lr 1.47e-04
  epoch   3 step  1400/1643 loss 0.4522 lr 1.47e-04
  epoch   3 step  1450/1643 loss 0.4505 lr 1.46e-04
  epoch   3 step  1500/1643 loss 0.4488 lr 1.46e-04
  epoch   3 step  1550/1643 loss 0.4472 lr 1.46e-04
  epoch   3 step  1600/1643 loss 0.4456 lr 1.46e-04
epoch   3  train 0.4442  val 0.4154  8.5 min
  new best: 0.4154
  epoch   4 step     0/1643 loss 0.3941 lr 1.46e-04
  epoch   4 step    50/1643 loss 0.3926 lr 1.46e-04
  epoch   4 step   100/1643 loss 0.3907 lr 1.46e-04
  epoch   4 step   150/1643 loss 0.3890 lr 1.46e-04
  epoch   4 step   200/1643 loss 0.3877 lr 1.45e-04
  epoch   4 step   250/1643 loss 0.3864 lr 1.45e-04
  epoch   4 step   300/1643 loss 0.3852 lr 1.45e-04
  epoch   4 step   350/1643 loss 0.3842 lr 1.45e-04
  epoch   4 step   400/1643 loss 0.3833 lr 1.45e-04
  epoch   4 step   450/1643 loss 0.3825 lr 1.45e-04
  epoch   4 step   500/1643 loss 0.3816 lr 1.45e-04
  epoch   4 step   550/1643 loss 0.3805 lr 1.45e-04
  epoch   4 step   600/1643 loss 0.3797 lr 1.44e-04
  epoch   4 step   650/1643 loss 0.3788 lr 1.44e-04
  epoch   4 step   700/1643 loss 0.3778 lr 1.44e-04
  epoch   4 step   750/1643 loss 0.3770 lr 1.44e-04
  epoch   4 step   800/1643 loss 0.3761 lr 1.44e-04
  epoch   4 step   850/1643 loss 0.3752 lr 1.44e-04
  epoch   4 step   900/1643 loss 0.3744 lr 1.44e-04
  epoch   4 step   950/1643 loss 0.3736 lr 1.43e-04
  epoch   4 step  1000/1643 loss 0.3727 lr 1.43e-04
  epoch   4 step  1050/1643 loss 0.3719 lr 1.43e-04
  epoch   4 step  1100/1643 loss 0.3710 lr 1.43e-04
  epoch   4 step  1150/1643 loss 0.3702 lr 1.43e-04
  epoch   4 step  1200/1643 loss 0.3693 lr 1.43e-04
  epoch   4 step  1250/1643 loss 0.3685 lr 1.42e-04
  epoch   4 step  1300/1643 loss 0.3676 lr 1.42e-04
  epoch   4 step  1350/1643 loss 0.3668 lr 1.42e-04
  epoch   4 step  1400/1643 loss 0.3660 lr 1.42e-04
  epoch   4 step  1450/1643 loss 0.3652 lr 1.42e-04
  epoch   4 step  1500/1643 loss 0.3644 lr 1.42e-04
  epoch   4 step  1550/1643 loss 0.3636 lr 1.41e-04
  epoch   4 step  1600/1643 loss 0.3628 lr 1.41e-04
epoch   4  train 0.3621  val 0.3553  8.6 min
  new best: 0.3553
  epoch   5 step     0/1643 loss 0.3350 lr 1.41e-04
  epoch   5 step    50/1643 loss 0.3357 lr 1.41e-04
  epoch   5 step   100/1643 loss 0.3358 lr 1.41e-04
  epoch   5 step   150/1643 loss 0.3349 lr 1.41e-04
  epoch   5 step   200/1643 loss 0.3342 lr 1.40e-04
  epoch   5 step   250/1643 loss 0.3334 lr 1.40e-04
  epoch   5 step   300/1643 loss 0.3325 lr 1.40e-04
  epoch   5 step   350/1643 loss 0.3318 lr 1.40e-04
  epoch   5 step   400/1643 loss 0.3312 lr 1.40e-04
  epoch   5 step   450/1643 loss 0.3304 lr 1.39e-04
  epoch   5 step   500/1643 loss 0.3297 lr 1.39e-04
  epoch   5 step   550/1643 loss 0.3290 lr 1.39e-04
  epoch   5 step   600/1643 loss 0.3283 lr 1.39e-04
  epoch   5 step   650/1643 loss 0.3278 lr 1.39e-04
  epoch   5 step   700/1643 loss 0.3271 lr 1.38e-04
  epoch   5 step   750/1643 loss 0.3265 lr 1.38e-04
  epoch   5 step   800/1643 loss 0.3260 lr 1.38e-04
  epoch   5 step   850/1643 loss 0.3254 lr 1.38e-04
  epoch   5 step   900/1643 loss 0.3249 lr 1.38e-04
  epoch   5 step   950/1643 loss 0.3244 lr 1.37e-04
  epoch   5 step  1000/1643 loss 0.3238 lr 1.37e-04
  epoch   5 step  1050/1643 loss 0.3233 lr 1.37e-04
  epoch   5 step  1100/1643 loss 0.3228 lr 1.37e-04
  epoch   5 step  1150/1643 loss 0.3223 lr 1.37e-04
  epoch   5 step  1200/1643 loss 0.3218 lr 1.36e-04
  epoch   5 step  1250/1643 loss 0.3214 lr 1.36e-04
  epoch   5 step  1300/1643 loss 0.3209 lr 1.36e-04
  epoch   5 step  1350/1643 loss 0.3204 lr 1.36e-04
  epoch   5 step  1400/1643 loss 0.3199 lr 1.35e-04
  epoch   5 step  1450/1643 loss 0.3194 lr 1.35e-04
  epoch   5 step  1500/1643 loss 0.3190 lr 1.35e-04
  epoch   5 step  1550/1643 loss 0.3185 lr 1.35e-04
  epoch   5 step  1600/1643 loss 0.3180 lr 1.35e-04
epoch   5  train 0.3176  val 0.3212  8.2 min
  new best: 0.3212
  epoch   6 step     0/1643 loss 0.2967 lr 1.34e-04
  epoch   6 step    50/1643 loss 0.3036 lr 1.34e-04
  epoch   6 step   100/1643 loss 0.3030 lr 1.34e-04
  epoch   6 step   150/1643 loss 0.3028 lr 1.34e-04
  epoch   6 step   200/1643 loss 0.3024 lr 1.33e-04
  epoch   6 step   250/1643 loss 0.3018 lr 1.33e-04
  epoch   6 step   300/1643 loss 0.3013 lr 1.33e-04
  epoch   6 step   350/1643 loss 0.3009 lr 1.33e-04
  epoch   6 step   400/1643 loss 0.3005 lr 1.32e-04
  epoch   6 step   450/1643 loss 0.3002 lr 1.32e-04
  epoch   6 step   500/1643 loss 0.2999 lr 1.32e-04
  epoch   6 step   550/1643 loss 0.2995 lr 1.32e-04
  epoch   6 step   600/1643 loss 0.2992 lr 1.31e-04
  epoch   6 step   650/1643 loss 0.2990 lr 1.31e-04
  epoch   6 step   700/1643 loss 0.2987 lr 1.31e-04
  epoch   6 step   750/1643 loss 0.2985 lr 1.31e-04
  epoch   6 step   800/1643 loss 0.2982 lr 1.30e-04
  epoch   6 step   850/1643 loss 0.2980 lr 1.30e-04
  epoch   6 step   900/1643 loss 0.2977 lr 1.30e-04
  epoch   6 step   950/1643 loss 0.2974 lr 1.30e-04
  epoch   6 step  1000/1643 loss 0.2971 lr 1.29e-04
  epoch   6 step  1050/1643 loss 0.2969 lr 1.29e-04
  epoch   6 step  1100/1643 loss 0.2966 lr 1.29e-04
  epoch   6 step  1150/1643 loss 0.2964 lr 1.29e-04
  epoch   6 step  1200/1643 loss 0.2962 lr 1.28e-04
  epoch   6 step  1250/1643 loss 0.2959 lr 1.28e-04
  epoch   6 step  1300/1643 loss 0.2956 lr 1.28e-04
  epoch   6 step  1350/1643 loss 0.2954 lr 1.28e-04
  epoch   6 step  1400/1643 loss 0.2951 lr 1.27e-04
  epoch   6 step  1450/1643 loss 0.2948 lr 1.27e-04
  epoch   6 step  1500/1643 loss 0.2946 lr 1.27e-04
  epoch   6 step  1550/1643 loss 0.2943 lr 1.27e-04
  epoch   6 step  1600/1643 loss 0.2941 lr 1.26e-04
epoch   6  train 0.2938  val 0.3015  8.4 min
  new best: 0.3015
  epoch   7 step     0/1643 loss 0.2853 lr 1.26e-04
  epoch   7 step    50/1643 loss 0.2856 lr 1.26e-04
  epoch   7 step   100/1643 loss 0.2851 lr 1.25e-04
  epoch   7 step   150/1643 loss 0.2848 lr 1.25e-04
  epoch   7 step   200/1643 loss 0.2844 lr 1.25e-04
  epoch   7 step   250/1643 loss 0.2845 lr 1.25e-04
  epoch   7 step   300/1643 loss 0.2842 lr 1.24e-04
  epoch   7 step   350/1643 loss 0.2841 lr 1.24e-04
  epoch   7 step   400/1643 loss 0.2839 lr 1.24e-04
  epoch   7 step   450/1643 loss 0.2836 lr 1.24e-04
  epoch   7 step   500/1643 loss 0.2836 lr 1.23e-04
  epoch   7 step   550/1643 loss 0.2836 lr 1.23e-04
  epoch   7 step   600/1643 loss 0.2834 lr 1.23e-04
  epoch   7 step   650/1643 loss 0.2831 lr 1.22e-04
  epoch   7 step   700/1643 loss 0.2830 lr 1.22e-04
  epoch   7 step   750/1643 loss 0.2829 lr 1.22e-04
  epoch   7 step   800/1643 loss 0.2827 lr 1.21e-04
  epoch   7 step   850/1643 loss 0.2825 lr 1.21e-04
  epoch   7 step   900/1643 loss 0.2823 lr 1.21e-04
  epoch   7 step   950/1643 loss 0.2821 lr 1.21e-04
  epoch   7 step  1000/1643 loss 0.2819 lr 1.20e-04
  epoch   7 step  1050/1643 loss 0.2816 lr 1.20e-04
  epoch   7 step  1100/1643 loss 0.2814 lr 1.20e-04
  epoch   7 step  1150/1643 loss 0.2812 lr 1.19e-04
  epoch   7 step  1200/1643 loss 0.2810 lr 1.19e-04
  epoch   7 step  1250/1643 loss 0.2808 lr 1.19e-04
  epoch   7 step  1300/1643 loss 0.2805 lr 1.18e-04
  epoch   7 step  1350/1643 loss 0.2803 lr 1.18e-04
  epoch   7 step  1400/1643 loss 0.2801 lr 1.18e-04
  epoch   7 step  1450/1643 loss 0.2799 lr 1.18e-04
  epoch   7 step  1500/1643 loss 0.2797 lr 1.17e-04
  epoch   7 step  1550/1643 loss 0.2796 lr 1.17e-04
  epoch   7 step  1600/1643 loss 0.2794 lr 1.17e-04
epoch   7  train 0.2792  val 0.2894  8.3 min
  new best: 0.2894
  epoch   8 step     0/1643 loss 0.2702 lr 1.16e-04
  epoch   8 step    50/1643 loss 0.2721 lr 1.16e-04
  epoch   8 step   100/1643 loss 0.2719 lr 1.16e-04
  epoch   8 step   150/1643 loss 0.2716 lr 1.15e-04
  epoch   8 step   200/1643 loss 0.2720 lr 1.15e-04
  epoch   8 step   250/1643 loss 0.2717 lr 1.15e-04
  epoch   8 step   300/1643 loss 0.2715 lr 1.14e-04
  epoch   8 step   350/1643 loss 0.2713 lr 1.14e-04
  epoch   8 step   400/1643 loss 0.2711 lr 1.14e-04
  epoch   8 step   450/1643 loss 0.2709 lr 1.14e-04
  epoch   8 step   500/1643 loss 0.2709 lr 1.13e-04
  epoch   8 step   550/1643 loss 0.2707 lr 1.13e-04
  epoch   8 step   600/1643 loss 0.2706 lr 1.13e-04
  epoch   8 step   650/1643 loss 0.2705 lr 1.12e-04
  epoch   8 step   700/1643 loss 0.2703 lr 1.12e-04
  epoch   8 step   750/1643 loss 0.2702 lr 1.12e-04
  epoch   8 step   800/1643 loss 0.2700 lr 1.11e-04
  epoch   8 step   850/1643 loss 0.2698 lr 1.11e-04
  epoch   8 step   900/1643 loss 0.2697 lr 1.11e-04
  epoch   8 step   950/1643 loss 0.2696 lr 1.10e-04
  epoch   8 step  1000/1643 loss 0.2694 lr 1.10e-04
  epoch   8 step  1050/1643 loss 0.2692 lr 1.10e-04
  epoch   8 step  1100/1643 loss 0.2690 lr 1.09e-04
  epoch   8 step  1150/1643 loss 0.2688 lr 1.09e-04
  epoch   8 step  1200/1643 loss 0.2687 lr 1.09e-04
  epoch   8 step  1250/1643 loss 0.2685 lr 1.08e-04
  epoch   8 step  1300/1643 loss 0.2684 lr 1.08e-04
  epoch   8 step  1350/1643 loss 0.2682 lr 1.08e-04
  epoch   8 step  1400/1643 loss 0.2681 lr 1.07e-04
  epoch   8 step  1450/1643 loss 0.2679 lr 1.07e-04
  epoch   8 step  1500/1643 loss 0.2678 lr 1.07e-04
  epoch   8 step  1550/1643 loss 0.2676 lr 1.06e-04
  epoch   8 step  1600/1643 loss 0.2675 lr 1.06e-04
epoch   8  train 0.2674  val 0.2795  8.2 min
  new best: 0.2795
  epoch   9 step     0/1643 loss 0.2651 lr 1.06e-04
  epoch   9 step    50/1643 loss 0.2634 lr 1.05e-04
  epoch   9 step   100/1643 loss 0.2625 lr 1.05e-04
  epoch   9 step   150/1643 loss 0.2623 lr 1.05e-04
  epoch   9 step   200/1643 loss 0.2622 lr 1.04e-04
  epoch   9 step   250/1643 loss 0.2620 lr 1.04e-04
  epoch   9 step   300/1643 loss 0.2617 lr 1.04e-04
  epoch   9 step   350/1643 loss 0.2614 lr 1.03e-04
  epoch   9 step   400/1643 loss 0.2613 lr 1.03e-04
  epoch   9 step   450/1643 loss 0.2612 lr 1.02e-04
  epoch   9 step   500/1643 loss 0.2611 lr 1.02e-04
  epoch   9 step   550/1643 loss 0.2610 lr 1.02e-04
  epoch   9 step   600/1643 loss 0.2610 lr 1.01e-04
  epoch   9 step   650/1643 loss 0.2609 lr 1.01e-04
  epoch   9 step   700/1643 loss 0.2607 lr 1.01e-04
  epoch   9 step   750/1643 loss 0.2606 lr 1.00e-04
  epoch   9 step   800/1643 loss 0.2606 lr 1.00e-04
  epoch   9 step   850/1643 loss 0.2605 lr 9.97e-05
  epoch   9 step   900/1643 loss 0.2603 lr 9.93e-05
  epoch   9 step   950/1643 loss 0.2602 lr 9.89e-05
  epoch   9 step  1000/1643 loss 0.2600 lr 9.86e-05
  epoch   9 step  1050/1643 loss 0.2598 lr 9.82e-05
  epoch   9 step  1100/1643 loss 0.2597 lr 9.79e-05
  epoch   9 step  1150/1643 loss 0.2596 lr 9.75e-05
  epoch   9 step  1200/1643 loss 0.2595 lr 9.72e-05
  epoch   9 step  1250/1643 loss 0.2594 lr 9.68e-05
  epoch   9 step  1300/1643 loss 0.2593 lr 9.65e-05
  epoch   9 step  1350/1643 loss 0.2591 lr 9.61e-05
  epoch   9 step  1400/1643 loss 0.2590 lr 9.57e-05
  epoch   9 step  1450/1643 loss 0.2589 lr 9.54e-05
  epoch   9 step  1500/1643 loss 0.2588 lr 9.50e-05
  epoch   9 step  1550/1643 loss 0.2587 lr 9.47e-05
  epoch   9 step  1600/1643 loss 0.2586 lr 9.43e-05
epoch   9  train 0.2585  val 0.2709  8.3 min
  new best: 0.2709
  epoch  10 step     0/1643 loss 0.2499 lr 9.40e-05
  epoch  10 step    50/1643 loss 0.2556 lr 9.36e-05
  epoch  10 step   100/1643 loss 0.2549 lr 9.33e-05
  epoch  10 step   150/1643 loss 0.2549 lr 9.29e-05
  epoch  10 step   200/1643 loss 0.2544 lr 9.25e-05
  epoch  10 step   250/1643 loss 0.2542 lr 9.22e-05
  epoch  10 step   300/1643 loss 0.2542 lr 9.18e-05
  epoch  10 step   350/1643 loss 0.2541 lr 9.14e-05
  epoch  10 step   400/1643 loss 0.2539 lr 9.11e-05
  epoch  10 step   450/1643 loss 0.2539 lr 9.07e-05
  epoch  10 step   500/1643 loss 0.2539 lr 9.03e-05
  epoch  10 step   550/1643 loss 0.2537 lr 9.00e-05
  epoch  10 step   600/1643 loss 0.2537 lr 8.96e-05
  epoch  10 step   650/1643 loss 0.2536 lr 8.92e-05
  epoch  10 step   700/1643 loss 0.2535 lr 8.89e-05
  epoch  10 step   750/1643 loss 0.2534 lr 8.85e-05
  epoch  10 step   800/1643 loss 0.2533 lr 8.81e-05
  epoch  10 step   850/1643 loss 0.2532 lr 8.78e-05
  epoch  10 step   900/1643 loss 0.2532 lr 8.74e-05
  epoch  10 step   950/1643 loss 0.2531 lr 8.70e-05
  epoch  10 step  1000/1643 loss 0.2529 lr 8.67e-05
  epoch  10 step  1050/1643 loss 0.2528 lr 8.63e-05
  epoch  10 step  1100/1643 loss 0.2526 lr 8.59e-05
  epoch  10 step  1150/1643 loss 0.2526 lr 8.55e-05
  epoch  10 step  1200/1643 loss 0.2525 lr 8.52e-05
  epoch  10 step  1250/1643 loss 0.2523 lr 8.48e-05
  epoch  10 step  1300/1643 loss 0.2522 lr 8.44e-05
  epoch  10 step  1350/1643 loss 0.2521 lr 8.41e-05
  epoch  10 step  1400/1643 loss 0.2520 lr 8.37e-05
  epoch  10 step  1450/1643 loss 0.2519 lr 8.33e-05
  epoch  10 step  1500/1643 loss 0.2517 lr 8.29e-05
  epoch  10 step  1550/1643 loss 0.2516 lr 8.26e-05
  epoch  10 step  1600/1643 loss 0.2516 lr 8.22e-05
epoch  10  train 0.2515  val 0.2633  8.3 min
  new best: 0.2633
  epoch  11 step     0/1643 loss 0.2416 lr 8.19e-05
  epoch  11 step    50/1643 loss 0.2473 lr 8.15e-05
  epoch  11 step   100/1643 loss 0.2476 lr 8.11e-05
  epoch  11 step   150/1643 loss 0.2477 lr 8.08e-05
  epoch  11 step   200/1643 loss 0.2475 lr 8.04e-05
  epoch  11 step   250/1643 loss 0.2474 lr 8.00e-05
  epoch  11 step   300/1643 loss 0.2472 lr 7.96e-05
  epoch  11 step   350/1643 loss 0.2472 lr 7.93e-05
  epoch  11 step   400/1643 loss 0.2471 lr 7.89e-05
  epoch  11 step   450/1643 loss 0.2471 lr 7.85e-05
  epoch  11 step   500/1643 loss 0.2471 lr 7.82e-05
  epoch  11 step   550/1643 loss 0.2470 lr 7.78e-05
  epoch  11 step   600/1643 loss 0.2469 lr 7.74e-05
  epoch  11 step   650/1643 loss 0.2469 lr 7.70e-05
  epoch  11 step   700/1643 loss 0.2468 lr 7.67e-05
  epoch  11 step   750/1643 loss 0.2467 lr 7.63e-05
  epoch  11 step   800/1643 loss 0.2466 lr 7.59e-05
  epoch  11 step   850/1643 loss 0.2465 lr 7.55e-05
  epoch  11 step   900/1643 loss 0.2464 lr 7.52e-05
  epoch  11 step   950/1643 loss 0.2464 lr 7.48e-05
  epoch  11 step  1000/1643 loss 0.2464 lr 7.44e-05
  epoch  11 step  1050/1643 loss 0.2462 lr 7.40e-05
  epoch  11 step  1100/1643 loss 0.2461 lr 7.37e-05
  epoch  11 step  1150/1643 loss 0.2461 lr 7.33e-05
  epoch  11 step  1200/1643 loss 0.2460 lr 7.29e-05
  epoch  11 step  1250/1643 loss 0.2459 lr 7.25e-05
  epoch  11 step  1300/1643 loss 0.2458 lr 7.22e-05
  epoch  11 step  1350/1643 loss 0.2457 lr 7.18e-05
  epoch  11 step  1400/1643 loss 0.2456 lr 7.14e-05
  epoch  11 step  1450/1643 loss 0.2456 lr 7.11e-05
  epoch  11 step  1500/1643 loss 0.2455 lr 7.07e-05
  epoch  11 step  1550/1643 loss 0.2454 lr 7.03e-05
  epoch  11 step  1600/1643 loss 0.2453 lr 6.99e-05
epoch  11  train 0.2453  val 0.2586  8.3 min
  new best: 0.2586
  epoch  12 step     0/1643 loss 0.2443 lr 6.96e-05
  epoch  12 step    50/1643 loss 0.2436 lr 6.92e-05
  epoch  12 step   100/1643 loss 0.2430 lr 6.89e-05
  epoch  12 step   150/1643 loss 0.2427 lr 6.85e-05
  epoch  12 step   200/1643 loss 0.2429 lr 6.81e-05
  epoch  12 step   250/1643 loss 0.2425 lr 6.78e-05
  epoch  12 step   300/1643 loss 0.2426 lr 6.74e-05
  epoch  12 step   350/1643 loss 0.2425 lr 6.70e-05
  epoch  12 step   400/1643 loss 0.2425 lr 6.66e-05
  epoch  12 step   450/1643 loss 0.2424 lr 6.63e-05
  epoch  12 step   500/1643 loss 0.2423 lr 6.59e-05
  epoch  12 step   550/1643 loss 0.2423 lr 6.55e-05
  epoch  12 step   600/1643 loss 0.2421 lr 6.52e-05
  epoch  12 step   650/1643 loss 0.2420 lr 6.48e-05
  epoch  12 step   700/1643 loss 0.2420 lr 6.44e-05
  epoch  12 step   750/1643 loss 0.2418 lr 6.41e-05
  epoch  12 step   800/1643 loss 0.2418 lr 6.37e-05
  epoch  12 step   850/1643 loss 0.2417 lr 6.33e-05
  epoch  12 step   900/1643 loss 0.2416 lr 6.30e-05
  epoch  12 step   950/1643 loss 0.2415 lr 6.26e-05
  epoch  12 step  1000/1643 loss 0.2414 lr 6.22e-05
  epoch  12 step  1050/1643 loss 0.2414 lr 6.18e-05
  epoch  12 step  1100/1643 loss 0.2413 lr 6.15e-05
  epoch  12 step  1150/1643 loss 0.2412 lr 6.11e-05
  epoch  12 step  1200/1643 loss 0.2411 lr 6.07e-05
  epoch  12 step  1250/1643 loss 0.2411 lr 6.04e-05
  epoch  12 step  1300/1643 loss 0.2410 lr 6.00e-05
  epoch  12 step  1350/1643 loss 0.2409 lr 5.97e-05
  epoch  12 step  1400/1643 loss 0.2408 lr 5.93e-05
  epoch  12 step  1450/1643 loss 0.2408 lr 5.89e-05
  epoch  12 step  1500/1643 loss 0.2407 lr 5.86e-05
  epoch  12 step  1550/1643 loss 0.2406 lr 5.82e-05
  epoch  12 step  1600/1643 loss 0.2406 lr 5.78e-05
epoch  12  train 0.2405  val 0.2533  8.3 min
  new best: 0.2533
  epoch  13 step     0/1643 loss 0.2395 lr 5.75e-05
  epoch  13 step    50/1643 loss 0.2375 lr 5.72e-05
  epoch  13 step   100/1643 loss 0.2378 lr 5.68e-05
  epoch  13 step   150/1643 loss 0.2377 lr 5.64e-05
  epoch  13 step   200/1643 loss 0.2378 lr 5.61e-05
  epoch  13 step   250/1643 loss 0.2379 lr 5.57e-05
  epoch  13 step   300/1643 loss 0.2377 lr 5.54e-05
  epoch  13 step   350/1643 loss 0.2377 lr 5.50e-05
  epoch  13 step   400/1643 loss 0.2377 lr 5.46e-05
  epoch  13 step   450/1643 loss 0.2377 lr 5.43e-05
  epoch  13 step   500/1643 loss 0.2376 lr 5.39e-05
  epoch  13 step   550/1643 loss 0.2375 lr 5.36e-05
  epoch  13 step   600/1643 loss 0.2374 lr 5.32e-05
  epoch  13 step   650/1643 loss 0.2374 lr 5.29e-05
  epoch  13 step   700/1643 loss 0.2373 lr 5.25e-05
  epoch  13 step   750/1643 loss 0.2372 lr 5.21e-05
  epoch  13 step   800/1643 loss 0.2371 lr 5.18e-05
  epoch  13 step   850/1643 loss 0.2371 lr 5.14e-05
  epoch  13 step   900/1643 loss 0.2370 lr 5.11e-05
  epoch  13 step   950/1643 loss 0.2369 lr 5.07e-05
  epoch  13 step  1000/1643 loss 0.2369 lr 5.04e-05
  epoch  13 step  1050/1643 loss 0.2368 lr 5.00e-05
  epoch  13 step  1100/1643 loss 0.2368 lr 4.97e-05
  epoch  13 step  1150/1643 loss 0.2367 lr 4.93e-05
  epoch  13 step  1200/1643 loss 0.2367 lr 4.90e-05
  epoch  13 step  1250/1643 loss 0.2366 lr 4.86e-05
  epoch  13 step  1300/1643 loss 0.2366 lr 4.83e-05
  epoch  13 step  1350/1643 loss 0.2365 lr 4.79e-05
  epoch  13 step  1400/1643 loss 0.2365 lr 4.76e-05
  epoch  13 step  1450/1643 loss 0.2365 lr 4.73e-05
  epoch  13 step  1500/1643 loss 0.2364 lr 4.69e-05
  epoch  13 step  1550/1643 loss 0.2363 lr 4.66e-05
  epoch  13 step  1600/1643 loss 0.2363 lr 4.62e-05
epoch  13  train 0.2362  val 0.2508  8.3 min
  new best: 0.2508
  epoch  14 step     0/1643 loss 0.2376 lr 4.59e-05
  epoch  14 step    50/1643 loss 0.2341 lr 4.56e-05
  epoch  14 step   100/1643 loss 0.2349 lr 4.52e-05
  epoch  14 step   150/1643 loss 0.2350 lr 4.49e-05
  epoch  14 step   200/1643 loss 0.2347 lr 4.46e-05
  epoch  14 step   250/1643 loss 0.2346 lr 4.42e-05
  epoch  14 step   300/1643 loss 0.2345 lr 4.39e-05
  epoch  14 step   350/1643 loss 0.2345 lr 4.35e-05
  epoch  14 step   400/1643 loss 0.2343 lr 4.32e-05
  epoch  14 step   450/1643 loss 0.2341 lr 4.29e-05
  epoch  14 step   500/1643 loss 0.2340 lr 4.25e-05
  epoch  14 step   550/1643 loss 0.2339 lr 4.22e-05
  epoch  14 step   600/1643 loss 0.2338 lr 4.19e-05
  epoch  14 step   650/1643 loss 0.2337 lr 4.15e-05
  epoch  14 step   700/1643 loss 0.2337 lr 4.12e-05
  epoch  14 step   750/1643 loss 0.2336 lr 4.09e-05
  epoch  14 step   800/1643 loss 0.2336 lr 4.06e-05
  epoch  14 step   850/1643 loss 0.2335 lr 4.02e-05
  epoch  14 step   900/1643 loss 0.2334 lr 3.99e-05
  epoch  14 step   950/1643 loss 0.2335 lr 3.96e-05
  epoch  14 step  1000/1643 loss 0.2334 lr 3.92e-05
  epoch  14 step  1050/1643 loss 0.2334 lr 3.89e-05
  epoch  14 step  1100/1643 loss 0.2333 lr 3.86e-05
  epoch  14 step  1150/1643 loss 0.2333 lr 3.83e-05
  epoch  14 step  1200/1643 loss 0.2333 lr 3.79e-05
  epoch  14 step  1250/1643 loss 0.2332 lr 3.76e-05
  epoch  14 step  1300/1643 loss 0.2332 lr 3.73e-05
  epoch  14 step  1350/1643 loss 0.2331 lr 3.70e-05
  epoch  14 step  1400/1643 loss 0.2331 lr 3.67e-05
  epoch  14 step  1450/1643 loss 0.2330 lr 3.64e-05
  epoch  14 step  1500/1643 loss 0.2329 lr 3.60e-05
  epoch  14 step  1550/1643 loss 0.2329 lr 3.57e-05
  epoch  14 step  1600/1643 loss 0.2329 lr 3.54e-05
epoch  14  train 0.2329  val 0.2465  8.3 min
  new best: 0.2465
  epoch  15 step     0/1643 loss 0.2250 lr 3.51e-05
  epoch  15 step    50/1643 loss 0.2310 lr 3.48e-05
  epoch  15 step   100/1643 loss 0.2309 lr 3.45e-05
  epoch  15 step   150/1643 loss 0.2307 lr 3.42e-05
  epoch  15 step   200/1643 loss 0.2305 lr 3.39e-05
  epoch  15 step   250/1643 loss 0.2305 lr 3.36e-05
  epoch  15 step   300/1643 loss 0.2303 lr 3.33e-05
  epoch  15 step   350/1643 loss 0.2302 lr 3.30e-05
  epoch  15 step   400/1643 loss 0.2302 lr 3.27e-05
  epoch  15 step   450/1643 loss 0.2302 lr 3.24e-05
  epoch  15 step   500/1643 loss 0.2301 lr 3.21e-05
  epoch  15 step   550/1643 loss 0.2302 lr 3.18e-05
  epoch  15 step   600/1643 loss 0.2302 lr 3.15e-05
  epoch  15 step   650/1643 loss 0.2302 lr 3.12e-05
  epoch  15 step   700/1643 loss 0.2301 lr 3.09e-05
  epoch  15 step   750/1643 loss 0.2302 lr 3.06e-05
  epoch  15 step   800/1643 loss 0.2301 lr 3.03e-05
  epoch  15 step   850/1643 loss 0.2301 lr 3.00e-05
  epoch  15 step   900/1643 loss 0.2301 lr 2.97e-05
  epoch  15 step   950/1643 loss 0.2300 lr 2.94e-05
  epoch  15 step  1000/1643 loss 0.2300 lr 2.91e-05
  epoch  15 step  1050/1643 loss 0.2299 lr 2.88e-05
  epoch  15 step  1100/1643 loss 0.2299 lr 2.85e-05
  epoch  15 step  1150/1643 loss 0.2299 lr 2.82e-05
  epoch  15 step  1200/1643 loss 0.2299 lr 2.79e-05
  epoch  15 step  1250/1643 loss 0.2299 lr 2.77e-05
  epoch  15 step  1300/1643 loss 0.2299 lr 2.74e-05
  epoch  15 step  1350/1643 loss 0.2298 lr 2.71e-05
  epoch  15 step  1400/1643 loss 0.2298 lr 2.68e-05
  epoch  15 step  1450/1643 loss 0.2297 lr 2.65e-05
  epoch  15 step  1500/1643 loss 0.2297 lr 2.63e-05
  epoch  15 step  1550/1643 loss 0.2297 lr 2.60e-05
  epoch  15 step  1600/1643 loss 0.2297 lr 2.57e-05
epoch  15  train 0.2296  val 0.2446  8.5 min
  new best: 0.2446
  epoch  16 step     0/1643 loss 0.2279 lr 2.55e-05
  epoch  16 step    50/1643 loss 0.2287 lr 2.52e-05
  epoch  16 step   100/1643 loss 0.2291 lr 2.49e-05
  epoch  16 step   150/1643 loss 0.2291 lr 2.46e-05
  epoch  16 step   200/1643 loss 0.2289 lr 2.44e-05
  epoch  16 step   250/1643 loss 0.2286 lr 2.41e-05
  epoch  16 step   300/1643 loss 0.2284 lr 2.38e-05
  epoch  16 step   350/1643 loss 0.2283 lr 2.36e-05
  epoch  16 step   400/1643 loss 0.2284 lr 2.33e-05
  epoch  16 step   450/1643 loss 0.2284 lr 2.30e-05
  epoch  16 step   500/1643 loss 0.2283 lr 2.28e-05
  epoch  16 step   550/1643 loss 0.2282 lr 2.25e-05
  epoch  16 step   600/1643 loss 0.2282 lr 2.23e-05
  epoch  16 step   650/1643 loss 0.2282 lr 2.20e-05
  epoch  16 step   700/1643 loss 0.2281 lr 2.17e-05
  epoch  16 step   750/1643 loss 0.2280 lr 2.15e-05
  epoch  16 step   800/1643 loss 0.2280 lr 2.12e-05
  epoch  16 step   850/1643 loss 0.2279 lr 2.10e-05
  epoch  16 step   900/1643 loss 0.2279 lr 2.07e-05
  epoch  16 step   950/1643 loss 0.2279 lr 2.05e-05
  epoch  16 step  1000/1643 loss 0.2279 lr 2.02e-05
  epoch  16 step  1050/1643 loss 0.2278 lr 2.00e-05
  epoch  16 step  1100/1643 loss 0.2278 lr 1.97e-05
  epoch  16 step  1150/1643 loss 0.2277 lr 1.95e-05
  epoch  16 step  1200/1643 loss 0.2277 lr 1.92e-05
  epoch  16 step  1250/1643 loss 0.2276 lr 1.90e-05
  epoch  16 step  1300/1643 loss 0.2276 lr 1.88e-05
  epoch  16 step  1350/1643 loss 0.2276 lr 1.85e-05
  epoch  16 step  1400/1643 loss 0.2276 lr 1.83e-05
  epoch  16 step  1450/1643 loss 0.2275 lr 1.81e-05
  epoch  16 step  1500/1643 loss 0.2276 lr 1.78e-05
  epoch  16 step  1550/1643 loss 0.2275 lr 1.76e-05
  epoch  16 step  1600/1643 loss 0.2275 lr 1.74e-05
epoch  16  train 0.2275  val 0.2419  8.4 min
  new best: 0.2419
  epoch  17 step     0/1643 loss 0.2248 lr 1.72e-05
  epoch  17 step    50/1643 loss 0.2259 lr 1.69e-05
  epoch  17 step   100/1643 loss 0.2265 lr 1.67e-05
  epoch  17 step   150/1643 loss 0.2262 lr 1.65e-05
  epoch  17 step   200/1643 loss 0.2263 lr 1.63e-05
  epoch  17 step   250/1643 loss 0.2262 lr 1.60e-05
  epoch  17 step   300/1643 loss 0.2262 lr 1.58e-05
  epoch  17 step   350/1643 loss 0.2261 lr 1.56e-05
  epoch  17 step   400/1643 loss 0.2263 lr 1.54e-05
  epoch  17 step   450/1643 loss 0.2263 lr 1.52e-05
  epoch  17 step   500/1643 loss 0.2263 lr 1.49e-05
  epoch  17 step   550/1643 loss 0.2263 lr 1.47e-05
  epoch  17 step   600/1643 loss 0.2263 lr 1.45e-05
  epoch  17 step   650/1643 loss 0.2263 lr 1.43e-05
  epoch  17 step   700/1643 loss 0.2262 lr 1.41e-05
  epoch  17 step   750/1643 loss 0.2262 lr 1.39e-05
  epoch  17 step   800/1643 loss 0.2262 lr 1.37e-05
  epoch  17 step   850/1643 loss 0.2262 lr 1.35e-05
  epoch  17 step   900/1643 loss 0.2262 lr 1.33e-05
  epoch  17 step   950/1643 loss 0.2261 lr 1.31e-05
  epoch  17 step  1000/1643 loss 0.2261 lr 1.29e-05
  epoch  17 step  1050/1643 loss 0.2260 lr 1.27e-05
  epoch  17 step  1100/1643 loss 0.2260 lr 1.25e-05
  epoch  17 step  1150/1643 loss 0.2259 lr 1.23e-05
  epoch  17 step  1200/1643 loss 0.2259 lr 1.21e-05
  epoch  17 step  1250/1643 loss 0.2259 lr 1.19e-05
  epoch  17 step  1300/1643 loss 0.2259 lr 1.17e-05
  epoch  17 step  1350/1643 loss 0.2259 lr 1.15e-05
  epoch  17 step  1400/1643 loss 0.2259 lr 1.13e-05
  epoch  17 step  1450/1643 loss 0.2259 lr 1.11e-05
  epoch  17 step  1500/1643 loss 0.2259 lr 1.10e-05
  epoch  17 step  1550/1643 loss 0.2258 lr 1.08e-05
  epoch  17 step  1600/1643 loss 0.2258 lr 1.06e-05
epoch  17  train 0.2258  val 0.2404  8.4 min
  new best: 0.2404
  epoch  18 step     0/1643 loss 0.2239 lr 1.04e-05
  epoch  18 step    50/1643 loss 0.2248 lr 1.03e-05
  epoch  18 step   100/1643 loss 0.2252 lr 1.01e-05
  epoch  18 step   150/1643 loss 0.2252 lr 9.92e-06
  epoch  18 step   200/1643 loss 0.2251 lr 9.75e-06
  epoch  18 step   250/1643 loss 0.2250 lr 9.58e-06
  epoch  18 step   300/1643 loss 0.2250 lr 9.41e-06
  epoch  18 step   350/1643 loss 0.2249 lr 9.25e-06
  epoch  18 step   400/1643 loss 0.2247 lr 9.08e-06
  epoch  18 step   450/1643 loss 0.2247 lr 8.92e-06
  epoch  18 step   500/1643 loss 0.2247 lr 8.75e-06
  epoch  18 step   550/1643 loss 0.2247 lr 8.59e-06
  epoch  18 step   600/1643 loss 0.2247 lr 8.44e-06
  epoch  18 step   650/1643 loss 0.2248 lr 8.28e-06
  epoch  18 step   700/1643 loss 0.2248 lr 8.12e-06
  epoch  18 step   750/1643 loss 0.2248 lr 7.97e-06
  epoch  18 step   800/1643 loss 0.2248 lr 7.82e-06
  epoch  18 step   850/1643 loss 0.2248 lr 7.67e-06
  epoch  18 step   900/1643 loss 0.2248 lr 7.52e-06
  epoch  18 step   950/1643 loss 0.2247 lr 7.37e-06
  epoch  18 step  1000/1643 loss 0.2247 lr 7.23e-06
  epoch  18 step  1050/1643 loss 0.2247 lr 7.09e-06
  epoch  18 step  1100/1643 loss 0.2247 lr 6.94e-06
  epoch  18 step  1150/1643 loss 0.2246 lr 6.81e-06
  epoch  18 step  1200/1643 loss 0.2246 lr 6.67e-06
  epoch  18 step  1250/1643 loss 0.2246 lr 6.53e-06
  epoch  18 step  1300/1643 loss 0.2246 lr 6.40e-06
  epoch  18 step  1350/1643 loss 0.2246 lr 6.26e-06
  epoch  18 step  1400/1643 loss 0.2245 lr 6.13e-06
  epoch  18 step  1450/1643 loss 0.2245 lr 6.00e-06
  epoch  18 step  1500/1643 loss 0.2245 lr 5.88e-06
  epoch  18 step  1550/1643 loss 0.2245 lr 5.75e-06
  epoch  18 step  1600/1643 loss 0.2245 lr 5.63e-06
epoch  18  train 0.2245  val 0.2395  8.5 min
  new best: 0.2395
  epoch  19 step     0/1643 loss 0.2272 lr 5.52e-06
  epoch  19 step    50/1643 loss 0.2233 lr 5.40e-06
  epoch  19 step   100/1643 loss 0.2231 lr 5.28e-06
  epoch  19 step   150/1643 loss 0.2232 lr 5.17e-06
  epoch  19 step   200/1643 loss 0.2235 lr 5.05e-06
  epoch  19 step   250/1643 loss 0.2234 lr 4.94e-06
  epoch  19 step   300/1643 loss 0.2233 lr 4.83e-06
  epoch  19 step   350/1643 loss 0.2234 lr 4.72e-06
  epoch  19 step   400/1643 loss 0.2234 lr 4.61e-06
  epoch  19 step   450/1643 loss 0.2234 lr 4.50e-06
  epoch  19 step   500/1643 loss 0.2234 lr 4.40e-06
  epoch  19 step   550/1643 loss 0.2236 lr 4.30e-06
  epoch  19 step   600/1643 loss 0.2236 lr 4.20e-06
  epoch  19 step   650/1643 loss 0.2236 lr 4.10e-06
  epoch  19 step   700/1643 loss 0.2236 lr 4.00e-06
  epoch  19 step   750/1643 loss 0.2236 lr 3.91e-06
  epoch  19 step   800/1643 loss 0.2237 lr 3.81e-06
  epoch  19 step   850/1643 loss 0.2236 lr 3.72e-06
  epoch  19 step   900/1643 loss 0.2236 lr 3.63e-06
  epoch  19 step   950/1643 loss 0.2235 lr 3.54e-06
  epoch  19 step  1000/1643 loss 0.2235 lr 3.46e-06
  epoch  19 step  1050/1643 loss 0.2236 lr 3.37e-06
  epoch  19 step  1100/1643 loss 0.2236 lr 3.29e-06
  epoch  19 step  1150/1643 loss 0.2237 lr 3.21e-06
  epoch  19 step  1200/1643 loss 0.2236 lr 3.13e-06
  epoch  19 step  1250/1643 loss 0.2237 lr 3.05e-06
  epoch  19 step  1300/1643 loss 0.2237 lr 2.98e-06
  epoch  19 step  1350/1643 loss 0.2237 lr 2.90e-06
  epoch  19 step  1400/1643 loss 0.2237 lr 2.83e-06
  epoch  19 step  1450/1643 loss 0.2237 lr 2.76e-06
  epoch  19 step  1500/1643 loss 0.2237 lr 2.70e-06
  epoch  19 step  1550/1643 loss 0.2237 lr 2.63e-06
  epoch  19 step  1600/1643 loss 0.2237 lr 2.57e-06
epoch  19  train 0.2236  val 0.2388  8.3 min
  new best: 0.2388
  epoch  20 step     0/1643 loss 0.2223 lr 2.51e-06
  epoch  20 step    50/1643 loss 0.2236 lr 2.45e-06
  epoch  20 step   100/1643 loss 0.2229 lr 2.39e-06
  epoch  20 step   150/1643 loss 0.2232 lr 2.34e-06
  epoch  20 step   200/1643 loss 0.2235 lr 2.28e-06
  epoch  20 step   250/1643 loss 0.2236 lr 2.23e-06
  epoch  20 step   300/1643 loss 0.2235 lr 2.18e-06
  epoch  20 step   350/1643 loss 0.2236 lr 2.13e-06
  epoch  20 step   400/1643 loss 0.2236 lr 2.08e-06
  epoch  20 step   450/1643 loss 0.2235 lr 2.03e-06
  epoch  20 step   500/1643 loss 0.2235 lr 1.99e-06
  epoch  20 step   550/1643 loss 0.2235 lr 1.95e-06
  epoch  20 step   600/1643 loss 0.2235 lr 1.91e-06
  epoch  20 step   650/1643 loss 0.2235 lr 1.87e-06
  epoch  20 step   700/1643 loss 0.2235 lr 1.83e-06
  epoch  20 step   750/1643 loss 0.2234 lr 1.80e-06
  epoch  20 step   800/1643 loss 0.2235 lr 1.77e-06
  epoch  20 step   850/1643 loss 0.2235 lr 1.74e-06
  epoch  20 step   900/1643 loss 0.2234 lr 1.71e-06
  epoch  20 step   950/1643 loss 0.2234 lr 1.68e-06
  epoch  20 step  1000/1643 loss 0.2234 lr 1.66e-06
  epoch  20 step  1050/1643 loss 0.2234 lr 1.63e-06
  epoch  20 step  1100/1643 loss 0.2234 lr 1.61e-06
  epoch  20 step  1150/1643 loss 0.2234 lr 1.59e-06
  epoch  20 step  1200/1643 loss 0.2234 lr 1.57e-06
  epoch  20 step  1250/1643 loss 0.2234 lr 1.56e-06
  epoch  20 step  1300/1643 loss 0.2234 lr 1.54e-06
  epoch  20 step  1350/1643 loss 0.2234 lr 1.53e-06
  epoch  20 step  1400/1643 loss 0.2234 lr 1.52e-06
  epoch  20 step  1450/1643 loss 0.2234 lr 1.51e-06
  epoch  20 step  1500/1643 loss 0.2234 lr 1.51e-06
  epoch  20 step  1550/1643 loss 0.2234 lr 1.50e-06
  epoch  20 step  1600/1643 loss 0.2234 lr 1.50e-06
epoch  20  train 0.2234  val 0.2385  8.4 min
  new best: 0.2385
done. checkpoints and log in runs/mae_small
